2026-03-28 13:38:00,593 - INFO - ============================================================
2026-03-28 13:38:00,593 - INFO - Starting RecoMart Data Ingestion Pipeline
2026-03-28 13:38:00,594 - INFO - ============================================================
2026-03-28 13:38:00,595 - INFO - Loading CSV from 2019-Oct.csv...
2026-03-28 13:38:00,641 - INFO - CSV loaded successfully: 30000 rows
2026-03-28 13:38:00,718 - INFO - Sample data saved to data\raw\sample_data.csv
2026-03-28 13:38:00,718 - INFO - Fetching API data from https://fakestoreapi.com/products...
2026-03-28 13:38:01,664 - INFO - API data fetched successfully: 20 products
2026-03-28 13:38:01,713 - INFO - API data saved to data\raw\api_products.csv
2026-03-28 13:38:01,713 - INFO - ============================================================
2026-03-28 13:38:01,713 - INFO - OK Data Ingestion Pipeline completed successfully!
2026-03-28 13:38:01,713 - INFO - OK Sample data: data\raw\sample_data.csv
2026-03-28 13:38:01,713 - INFO - OK API products: data\raw\api_products.csv
2026-03-28 13:38:01,713 - INFO - ============================================================
2026-03-31 08:23:08,775 - INFO - ======================================================================
2026-03-31 08:23:08,775 - INFO - 🚀 RECOMART MASTER PIPELINE STARTED
2026-03-31 08:23:08,775 - INFO - ======================================================================
2026-03-31 08:23:08,775 - INFO - 
📥 STEP 1: Data Ingestion (Shankar)
2026-03-31 08:23:08,775 - INFO - ----------------------------------------------------------------------
2026-03-31 08:23:08,775 - INFO - ============================================================
2026-03-31 08:23:08,775 - INFO - Starting RecoMart Data Ingestion Pipeline
2026-03-31 08:23:08,776 - INFO - ============================================================
2026-03-31 08:23:08,776 - INFO - Loading CSV from 2019-Oct.csv...
2026-03-31 08:23:08,793 - INFO - CSV loaded successfully: 30000 rows
2026-03-31 08:23:08,836 - INFO - Data saved successfully to data/raw/sample_data.csv
2026-03-31 08:23:08,836 - INFO - Fetching API data from https://fakestoreapi.com/products...
2026-03-31 08:23:11,106 - INFO - API data fetched successfully: 20 products
2026-03-31 08:23:11,114 - INFO - API data converted to DataFrame: 20 rows
2026-03-31 08:23:11,115 - INFO - Data saved successfully to data/raw/api_products.csv
2026-03-31 08:23:11,115 - INFO - ============================================================
2026-03-31 08:23:11,116 - INFO - ✅ Data Ingestion Pipeline completed successfully!
2026-03-31 08:23:11,116 - INFO - ✅ Sample data: data/raw/sample_data.csv
2026-03-31 08:23:11,116 - INFO - ✅ API products: data/raw/api_products.csv
2026-03-31 08:23:11,116 - INFO - ============================================================
2026-03-31 08:23:11,116 - INFO - ✅ Ingestion completed successfully
2026-03-31 08:23:11,116 - INFO - 
🧼 STEP 2: Data Processing & Validation (Prashansa)
2026-03-31 08:23:11,116 - INFO - ----------------------------------------------------------------------
2026-03-31 08:23:11,117 - INFO - ⏳ Waiting for processing module... (scripts/data_processing.py)
2026-03-31 08:23:11,117 - INFO - 
🏗️  STEP 3: Feature Engineering (Aniket)
2026-03-31 08:23:11,117 - INFO - ----------------------------------------------------------------------
2026-03-31 08:23:11,118 - INFO - ⏳ Waiting for feature engineering module... (scripts/feature_engineering.py)
2026-03-31 08:23:11,118 - INFO - 
🤖 STEP 4: Model Training & Evaluation (Flavia)
2026-03-31 08:23:11,118 - INFO - ----------------------------------------------------------------------
2026-03-31 08:23:11,118 - INFO - ⏳ Waiting for model training module... (scripts/model_training.py)
2026-03-31 08:23:11,118 - INFO - 
======================================================================
2026-03-31 08:23:11,118 - INFO - ✅ PIPELINE FRAMEWORK READY
2026-03-31 08:23:11,118 - INFO - ======================================================================
2026-03-31 08:23:11,118 - INFO - 
Team members: Implement your modules in the scripts/ folder:
2026-03-31 08:23:11,118 - INFO -   - Prashansa: scripts/data_processing.py
2026-03-31 08:23:11,118 - INFO -   - Aniket: scripts/feature_engineering.py
2026-03-31 08:23:11,118 - INFO -   - Flavia: scripts/model_training.py
2026-03-31 16:49:04,450 - INFO - ======================================================================
2026-03-31 16:49:04,450 - INFO - 🚀 RECOMART MASTER PIPELINE STARTED
2026-03-31 16:49:04,450 - INFO - ======================================================================
2026-03-31 16:49:04,450 - INFO - 
📥 STEP 1: Data Ingestion (Shankar)
2026-03-31 16:49:04,450 - INFO - ----------------------------------------------------------------------
2026-03-31 16:49:04,450 - INFO - ============================================================
2026-03-31 16:49:04,450 - INFO - Starting RecoMart Data Ingestion Pipeline
2026-03-31 16:49:04,450 - INFO - ============================================================
2026-03-31 16:49:04,450 - INFO - Loading CSV from 2019-Oct.csv...
2026-03-31 16:49:04,470 - INFO - CSV loaded successfully: 30000 rows
2026-03-31 16:49:04,510 - INFO - Data saved successfully to data/raw/sample_data.csv
2026-03-31 16:49:04,510 - INFO - Fetching API data from https://fakestoreapi.com/products...
2026-03-31 16:49:06,455 - ERROR - Error fetching API: 523 Server Error: <none> for url: https://fakestoreapi.com/products
2026-03-31 16:49:06,456 - ERROR - ❌ Pipeline failed: 523 Server Error: <none> for url: https://fakestoreapi.com/products
2026-03-31 16:49:06,456 - ERROR - ❌ Ingestion failed: 523 Server Error: <none> for url: https://fakestoreapi.com/products
2026-03-31 16:49:06,456 - WARNING - Pipeline paused. Waiting for Shankar to resolve data ingestion.
2026-03-31 16:55:48,177 - INFO - ======================================================================
2026-03-31 16:55:48,178 - INFO - 🚀 RECOMART MASTER PIPELINE STARTED
2026-03-31 16:55:48,178 - INFO - ======================================================================
2026-03-31 16:55:48,178 - INFO - 
📥 STEP 1: Data Ingestion (Shankar)
2026-03-31 16:55:48,178 - INFO - ----------------------------------------------------------------------
2026-03-31 16:55:48,178 - INFO - ============================================================
2026-03-31 16:55:48,178 - INFO - Starting RecoMart Data Ingestion Pipeline
2026-03-31 16:55:48,178 - INFO - ============================================================
2026-03-31 16:55:48,178 - INFO - Loading CSV from 2019-Oct.csv...
2026-03-31 16:55:48,196 - INFO - CSV loaded successfully: 30000 rows
2026-03-31 16:55:48,243 - INFO - Data saved successfully to data/raw/sample_data.csv
2026-03-31 16:55:48,243 - INFO - ✅ Using cached API data
2026-03-31 16:55:48,244 - INFO - ============================================================
2026-03-31 16:55:48,244 - INFO - ✅ Data Ingestion Pipeline completed successfully!
2026-03-31 16:55:48,244 - INFO - ✅ Sample data: data/raw/sample_data.csv
2026-03-31 16:55:48,244 - INFO - ✅ API products: data/raw/api_products.csv
2026-03-31 16:55:48,244 - INFO - ============================================================
2026-03-31 16:55:48,244 - INFO - ✅ Ingestion completed successfully
2026-03-31 16:55:48,244 - INFO - 
🧼 STEP 2: Data Processing & Validation (Prashansa)
2026-03-31 16:55:48,245 - INFO - ----------------------------------------------------------------------
2026-03-31 16:55:49,151 - INFO - ✅ Data processing completed successfully
2026-03-31 16:55:49,151 - INFO - 
🏗️  STEP 3: Feature Engineering (Aniket)
2026-03-31 16:55:49,151 - INFO - ----------------------------------------------------------------------
2026-03-31 16:55:49,151 - INFO - ⏳ Waiting for feature engineering module... (scripts/feature_engineering.py)
2026-03-31 16:55:49,151 - INFO - 
🤖 STEP 4: Model Training & Evaluation (Flavia)
2026-03-31 16:55:49,151 - INFO - ----------------------------------------------------------------------
2026-03-31 16:55:49,151 - INFO - ⏳ Waiting for model training module... (scripts/model_training.py)
2026-03-31 16:55:49,151 - INFO - 
======================================================================
2026-03-31 16:55:49,151 - INFO - ✅ PIPELINE FRAMEWORK READY
2026-03-31 16:55:49,151 - INFO - ======================================================================
2026-03-31 16:55:49,151 - INFO - 
Team members: Implement your modules in the scripts/ folder:
2026-03-31 16:55:49,151 - INFO -   - Prashansa: scripts/data_processing.py
2026-03-31 16:55:49,151 - INFO -   - Aniket: scripts/feature_engineering.py
2026-03-31 16:55:49,151 - INFO -   - Flavia: scripts/model_training.py
2026-03-31 17:04:38,184 - INFO - ======================================================================
2026-03-31 17:04:38,185 - INFO - 🚀 RECOMART MASTER PIPELINE STARTED
2026-03-31 17:04:38,185 - INFO - ======================================================================
2026-03-31 17:04:38,185 - INFO - 
📥 STEP 1: Data Ingestion (Shankar)
2026-03-31 17:04:38,185 - INFO - ----------------------------------------------------------------------
2026-03-31 17:04:38,185 - INFO - ============================================================
2026-03-31 17:04:38,185 - INFO - Starting RecoMart Data Ingestion Pipeline
2026-03-31 17:04:38,185 - INFO - ============================================================
2026-03-31 17:04:38,185 - INFO - Loading CSV from 2019-Oct.csv...
2026-03-31 17:04:38,202 - INFO - CSV loaded successfully: 30000 rows
2026-03-31 17:04:38,241 - INFO - Data saved successfully to data/raw/sample_data.csv
2026-03-31 17:04:38,241 - INFO - ✅ Using cached API data
2026-03-31 17:04:38,242 - INFO - ============================================================
2026-03-31 17:04:38,242 - INFO - ✅ Data Ingestion Pipeline completed successfully!
2026-03-31 17:04:38,242 - INFO - ✅ Sample data: data/raw/sample_data.csv
2026-03-31 17:04:38,242 - INFO - ✅ API products: data/raw/api_products.csv
2026-03-31 17:04:38,242 - INFO - ============================================================
2026-03-31 17:04:38,242 - INFO - ✅ Ingestion completed successfully
2026-03-31 17:04:38,243 - INFO - 
🧼 STEP 2: Data Processing & Validation (Prashansa)
2026-03-31 17:04:38,243 - INFO - ----------------------------------------------------------------------
2026-03-31 17:04:38,526 - ERROR - ❌ Data processing failed: No module named 'utils.logger'; 'utils' is not a package
2026-03-31 17:05:13,323 - INFO - ======================================================================
2026-03-31 17:05:13,323 - INFO - 🚀 RECOMART MASTER PIPELINE STARTED
2026-03-31 17:05:13,323 - INFO - ======================================================================
2026-03-31 17:05:13,323 - INFO - 
📥 STEP 1: Data Ingestion (Shankar)
2026-03-31 17:05:13,323 - INFO - ----------------------------------------------------------------------
2026-03-31 17:05:13,323 - INFO - ============================================================
2026-03-31 17:05:13,323 - INFO - Starting RecoMart Data Ingestion Pipeline
2026-03-31 17:05:13,323 - INFO - ============================================================
2026-03-31 17:05:13,323 - INFO - Loading CSV from 2019-Oct.csv...
2026-03-31 17:05:13,341 - INFO - CSV loaded successfully: 30000 rows
2026-03-31 17:05:13,380 - INFO - Data saved successfully to data/raw/sample_data.csv
2026-03-31 17:05:13,380 - INFO - ✅ Using cached API data
2026-03-31 17:05:13,381 - INFO - ============================================================
2026-03-31 17:05:13,382 - INFO - ✅ Data Ingestion Pipeline completed successfully!
2026-03-31 17:05:13,382 - INFO - ✅ Sample data: data/raw/sample_data.csv
2026-03-31 17:05:13,382 - INFO - ✅ API products: data/raw/api_products.csv
2026-03-31 17:05:13,382 - INFO - ============================================================
2026-03-31 17:05:13,382 - INFO - ✅ Ingestion completed successfully
2026-03-31 17:05:13,382 - INFO - 
🧼 STEP 2: Data Processing & Validation (Prashansa)
2026-03-31 17:05:13,382 - INFO - ----------------------------------------------------------------------
2026-03-31 17:05:13,646 - ERROR - ❌ Data processing failed: No module named 'utils.logger'; 'utils' is not a package
2026-03-31 17:18:29,590 - INFO - ======================================================================
2026-03-31 17:18:29,591 - INFO - 🚀 RECOMART MASTER PIPELINE STARTED
2026-03-31 17:18:29,591 - INFO - ======================================================================
2026-03-31 17:18:29,591 - INFO - 
📥 STEP 1: Data Ingestion (Shankar)
2026-03-31 17:18:29,591 - INFO - ----------------------------------------------------------------------
2026-03-31 17:18:29,591 - INFO - ============================================================
2026-03-31 17:18:29,591 - INFO - Starting RecoMart Data Ingestion Pipeline
2026-03-31 17:18:29,591 - INFO - ============================================================
2026-03-31 17:18:29,591 - INFO - Loading CSV from 2019-Oct.csv...
2026-03-31 17:18:29,623 - INFO - CSV loaded successfully: 30000 rows
2026-03-31 17:18:29,667 - INFO - Data saved successfully to data/raw/sample_data.csv
2026-03-31 17:18:29,667 - INFO - ✅ Using cached API data
2026-03-31 17:18:29,668 - INFO - ============================================================
2026-03-31 17:18:29,668 - INFO - ✅ Data Ingestion Pipeline completed successfully!
2026-03-31 17:18:29,668 - INFO - ✅ Sample data: data/raw/sample_data.csv
2026-03-31 17:18:29,668 - INFO - ✅ API products: data/raw/api_products.csv
2026-03-31 17:18:29,668 - INFO - ============================================================
2026-03-31 17:18:29,668 - INFO - ✅ Ingestion completed successfully
2026-03-31 17:18:29,668 - INFO - 
🧼 STEP 2: Data Processing & Validation (Prashansa)
2026-03-31 17:18:29,668 - INFO - ----------------------------------------------------------------------
2026-03-31 17:18:30,163 - INFO - 🧼 Starting Data Processing & Validation...
2026-03-31 17:18:30,176 - INFO - CSV Loaded: (30000, 6)
2026-03-31 17:18:30,176 - INFO - API Loaded: (20, 4)
2026-03-31 17:18:30,176 - INFO - 🔍 Performing Data Validation
2026-03-31 17:18:30,179 - INFO - Missing Values:
event_time    0
event_type    0
product_id    0
user_id       0
price         0
category      0
dtype: int64
2026-03-31 17:18:30,189 - INFO - Duplicate Rows: 0
2026-03-31 17:18:30,189 - INFO - 🧼 Cleaning Data
2026-03-31 17:18:30,214 - INFO - After cleaning: (29998, 4)
2026-03-31 17:18:30,220 - INFO - After merge: (29998, 7)
2026-03-31 17:18:30,220 - INFO - 📊 Generating EDA plots
2026-03-31 17:18:30,670 - INFO - EDA plots saved successfully
2026-03-31 17:18:30,742 - INFO - Processed data saved to data/processed/cleaned_data.csv
2026-03-31 17:18:30,742 - INFO - 📄 Generating Data Quality Report
2026-03-31 17:18:30,790 - INFO - 📄 Data quality report generated successfully
2026-03-31 17:18:30,790 - INFO - ✅ Data Processing Completed Successfully
2026-03-31 17:18:30,790 - INFO - ✅ Data processing completed successfully
2026-03-31 17:18:30,790 - INFO - 
🏗️  STEP 3: Feature Engineering (Aniket)
2026-03-31 17:18:30,790 - INFO - ----------------------------------------------------------------------
2026-03-31 17:18:30,790 - INFO - ⏳ Waiting for feature engineering module... (scripts/feature_engineering.py)
2026-03-31 17:18:30,790 - INFO - 
🤖 STEP 4: Model Training & Evaluation (Flavia)
2026-03-31 17:18:30,790 - INFO - ----------------------------------------------------------------------
2026-03-31 17:18:30,790 - INFO - ⏳ Waiting for model training module... (scripts/model_training.py)
2026-03-31 17:18:30,791 - INFO - 
======================================================================
2026-03-31 17:18:30,791 - INFO - ✅ PIPELINE FRAMEWORK READY
2026-03-31 17:18:30,791 - INFO - ======================================================================
2026-03-31 17:18:30,791 - INFO - 
Team members: Implement your modules in the scripts/ folder:
2026-03-31 17:18:30,791 - INFO -   - Prashansa: scripts/data_processing.py
2026-03-31 17:18:30,791 - INFO -   - Aniket: scripts/feature_engineering.py
2026-03-31 17:18:30,791 - INFO -   - Flavia: scripts/model_training.py
2026-03-31 17:20:05,797 - ingestion - INFO - ============================================================
2026-03-31 17:20:05,798 - ingestion - INFO - Starting RecoMart Data Ingestion Pipeline
2026-03-31 17:20:05,798 - ingestion - INFO - ============================================================
2026-03-31 17:20:05,798 - ingestion - INFO - Loading CSV from 2019-Oct.csv...
2026-03-31 17:20:05,814 - ingestion - INFO - CSV loaded successfully: 30000 rows
2026-03-31 17:20:05,853 - ingestion - INFO - Data saved successfully to data/raw/sample_data.csv
2026-03-31 17:20:05,853 - ingestion - INFO - Using cached API data
2026-03-31 17:20:05,854 - ingestion - INFO - ============================================================
2026-03-31 17:20:05,854 - ingestion - INFO - Data Ingestion Pipeline completed successfully
2026-03-31 17:20:05,854 - ingestion - INFO - Sample data: data/raw/sample_data.csv
2026-03-31 17:20:05,854 - ingestion - INFO - API products: data/raw/api_products.csv
2026-03-31 17:20:05,854 - ingestion - INFO - ============================================================
2026-03-31 17:41:51,646 - ingestion - INFO - ============================================================
2026-03-31 17:41:51,646 - ingestion - INFO - Starting RecoMart Data Ingestion Pipeline
2026-03-31 17:41:51,646 - ingestion - INFO - ============================================================
2026-03-31 17:41:51,647 - ingestion - INFO - Loading CSV from 2019-Oct.csv...
2026-03-31 17:41:51,665 - ingestion - INFO - CSV loaded successfully: 30000 rows
2026-03-31 17:41:51,706 - ingestion - INFO - Data saved successfully to data/raw/sample_data.csv
2026-03-31 17:41:51,706 - ingestion - INFO - Using cached API data
2026-03-31 17:41:51,707 - ingestion - INFO - ============================================================
2026-03-31 17:41:51,707 - ingestion - INFO - Data Ingestion Pipeline completed successfully
2026-03-31 17:41:51,707 - ingestion - INFO - Sample data: data/raw/sample_data.csv
2026-03-31 17:41:51,707 - ingestion - INFO - API products: data/raw/api_products.csv
2026-03-31 17:41:51,707 - ingestion - INFO - ============================================================
2026-03-31 17:42:20,242 - ingestion - INFO - ============================================================
2026-03-31 17:42:20,242 - ingestion - INFO - Starting RecoMart Data Ingestion Pipeline
2026-03-31 17:42:20,242 - ingestion - INFO - ============================================================
2026-03-31 17:42:20,242 - ingestion - INFO - Loading CSV from 2019-Oct.csv...
2026-03-31 17:42:20,261 - ingestion - INFO - CSV loaded successfully: 30000 rows
2026-03-31 17:42:20,299 - ingestion - INFO - Data saved successfully to data/raw/sample_data.csv
2026-03-31 17:42:20,299 - ingestion - INFO - Using cached API data
2026-03-31 17:42:20,300 - ingestion - INFO - ============================================================
2026-03-31 17:42:20,300 - ingestion - INFO - Data Ingestion Pipeline completed successfully
2026-03-31 17:42:20,300 - ingestion - INFO - Sample data: data/raw/sample_data.csv
2026-03-31 17:42:20,300 - ingestion - INFO - API products: data/raw/api_products.csv
2026-03-31 17:42:20,300 - ingestion - INFO - ============================================================
2026-03-31 17:42:47,044 - ingestion - INFO - ============================================================
2026-03-31 17:42:47,044 - ingestion - INFO - Starting RecoMart Data Ingestion Pipeline
2026-03-31 17:42:47,044 - ingestion - INFO - ============================================================
2026-03-31 17:42:47,044 - ingestion - INFO - Loading CSV from 2019-Oct.csv...
2026-03-31 17:42:47,060 - ingestion - INFO - CSV loaded successfully: 30000 rows
2026-03-31 17:42:47,105 - ingestion - INFO - Data saved successfully to data/raw/sample_data.csv
2026-03-31 17:42:47,105 - ingestion - INFO - Using cached API data
2026-03-31 17:42:47,107 - ingestion - INFO - ============================================================
2026-03-31 17:42:47,108 - ingestion - INFO - Data Ingestion Pipeline completed successfully
2026-03-31 17:42:47,108 - ingestion - INFO - Sample data: data/raw/sample_data.csv
2026-03-31 17:42:47,108 - ingestion - INFO - API products: data/raw/api_products.csv
2026-03-31 17:42:47,108 - ingestion - INFO - ============================================================
2026-04-10 19:06:26,345 - ingestion - INFO - ============================================================
2026-04-10 19:06:26,345 - ingestion - INFO - Starting RecoMart Data Ingestion Pipeline
2026-04-10 19:06:26,358 - ingestion - INFO - ============================================================
2026-04-10 19:06:26,358 - ingestion - INFO - Loading CSV from 2019-Oct.csv...
2026-04-10 19:06:26,384 - ingestion - INFO - CSV loaded successfully: 30000 rows
2026-04-10 19:06:26,455 - ingestion - INFO - Data saved successfully to data\raw\sample_data.csv
2026-04-10 19:06:26,456 - ingestion - INFO - Using cached API data
2026-04-10 19:06:26,460 - ingestion - INFO - ============================================================
2026-04-10 19:06:26,460 - ingestion - INFO - Data Ingestion Pipeline completed successfully
2026-04-10 19:06:26,461 - ingestion - INFO - Sample data: data\raw\sample_data.csv
2026-04-10 19:06:26,461 - ingestion - INFO - API products: data\raw\api_products.csv
2026-04-10 19:06:26,462 - ingestion - INFO - ============================================================
2026-04-10 19:07:44,844 - ingestion - INFO - ============================================================
2026-04-10 19:07:44,844 - ingestion - INFO - Starting RecoMart Data Ingestion Pipeline
2026-04-10 19:07:44,844 - ingestion - INFO - ============================================================
2026-04-10 19:07:44,844 - ingestion - INFO - Loading CSV from 2019-Oct.csv...
2026-04-10 19:07:44,867 - ingestion - INFO - CSV loaded successfully: 30000 rows
2026-04-10 19:07:44,947 - ingestion - INFO - Data saved successfully to data\raw\sample_data.csv
2026-04-10 19:07:44,947 - ingestion - INFO - Using cached API data
2026-04-10 19:07:44,964 - ingestion - INFO - ============================================================
2026-04-10 19:07:44,966 - ingestion - INFO - Data Ingestion Pipeline completed successfully
2026-04-10 19:07:44,966 - ingestion - INFO - Sample data: data\raw\sample_data.csv
2026-04-10 19:07:44,966 - ingestion - INFO - API products: data\raw\api_products.csv
2026-04-10 19:07:44,966 - ingestion - INFO - ============================================================
2026-04-10 19:08:44,111 - ingestion - INFO - ============================================================
2026-04-10 19:08:44,111 - ingestion - INFO - Starting RecoMart Data Ingestion Pipeline
2026-04-10 19:08:44,111 - ingestion - INFO - ============================================================
2026-04-10 19:08:44,111 - ingestion - INFO - Loading CSV from 2019-Oct.csv...
2026-04-10 19:08:44,145 - ingestion - INFO - CSV loaded successfully: 30000 rows
2026-04-10 19:08:44,228 - ingestion - INFO - Data saved successfully to data\raw\sample_data.csv
2026-04-10 19:08:44,228 - ingestion - INFO - Using cached API data
2026-04-10 19:08:44,228 - ingestion - INFO - ============================================================
2026-04-10 19:08:44,228 - ingestion - INFO - Data Ingestion Pipeline completed successfully
2026-04-10 19:08:44,228 - ingestion - INFO - Sample data: data\raw\sample_data.csv
2026-04-10 19:08:44,228 - ingestion - INFO - API products: data\raw\api_products.csv
2026-04-10 19:08:44,244 - ingestion - INFO - ============================================================
2026-04-10 19:11:02,371 - ingestion - INFO - ============================================================
2026-04-10 19:11:02,371 - ingestion - INFO - Starting RecoMart Data Ingestion Pipeline
2026-04-10 19:11:02,371 - ingestion - INFO - ============================================================
2026-04-10 19:11:02,371 - ingestion - INFO - Loading CSV from 2019-Oct.csv...
2026-04-10 19:11:02,403 - ingestion - INFO - CSV loaded successfully: 30000 rows
2026-04-10 19:11:02,482 - ingestion - INFO - Data saved successfully to data\raw\sample_data.csv
2026-04-10 19:11:02,482 - ingestion - INFO - Using cached API data
2026-04-10 19:11:02,485 - ingestion - INFO - ============================================================
2026-04-10 19:11:02,485 - ingestion - INFO - Data Ingestion Pipeline completed successfully
2026-04-10 19:11:02,485 - ingestion - INFO - Sample data: data\raw\sample_data.csv
2026-04-10 19:11:02,487 - ingestion - INFO - API products: data\raw\api_products.csv
2026-04-10 19:11:02,487 - ingestion - INFO - ============================================================
2026-04-10 19:13:10,024 - ingestion - INFO - ============================================================
2026-04-10 19:13:10,024 - ingestion - INFO - Starting RecoMart Data Ingestion Pipeline
2026-04-10 19:13:10,024 - ingestion - INFO - ============================================================
2026-04-10 19:13:10,040 - ingestion - INFO - Loading CSV from 2019-Oct.csv...
2026-04-10 19:13:10,094 - ingestion - INFO - CSV loaded successfully: 30000 rows
2026-04-10 19:13:10,175 - ingestion - INFO - Data saved successfully to data\raw\sample_data.csv
2026-04-10 19:13:10,176 - ingestion - INFO - Using cached API data
2026-04-10 19:13:10,179 - ingestion - INFO - ============================================================
2026-04-10 19:13:10,179 - ingestion - INFO - Data Ingestion Pipeline completed successfully
2026-04-10 19:13:10,179 - ingestion - INFO - Sample data: data\raw\sample_data.csv
2026-04-10 19:13:10,179 - ingestion - INFO - API products: data\raw\api_products.csv
2026-04-10 19:13:10,179 - ingestion - INFO - ============================================================
2026-04-10 19:15:59,899 - ingestion - INFO - ============================================================
2026-04-10 19:15:59,899 - ingestion - INFO - Starting RecoMart Data Ingestion Pipeline
2026-04-10 19:15:59,899 - ingestion - INFO - ============================================================
2026-04-10 19:15:59,900 - ingestion - INFO - Loading CSV from 2019-Oct.csv...
2026-04-10 19:15:59,928 - ingestion - INFO - CSV loaded successfully: 30000 rows
2026-04-10 19:16:00,017 - ingestion - INFO - Data saved successfully to data\raw\sample_data.csv
2026-04-10 19:16:00,022 - ingestion - INFO - Using cached API data
2026-04-10 19:16:00,026 - ingestion - INFO - ============================================================
2026-04-10 19:16:00,027 - ingestion - INFO - Data Ingestion Pipeline completed successfully
2026-04-10 19:16:00,027 - ingestion - INFO - Sample data: data\raw\sample_data.csv
2026-04-10 19:16:00,027 - ingestion - INFO - API products: data\raw\api_products.csv
2026-04-10 19:16:00,027 - ingestion - INFO - ============================================================
2026-04-10 19:16:23,392 - ingestion - INFO - ============================================================
2026-04-10 19:16:23,392 - ingestion - INFO - Starting RecoMart Data Ingestion Pipeline
2026-04-10 19:16:23,392 - ingestion - INFO - ============================================================
2026-04-10 19:16:23,392 - ingestion - INFO - Loading CSV from 2019-Oct.csv...
2026-04-10 19:16:23,420 - ingestion - INFO - CSV loaded successfully: 30000 rows
2026-04-10 19:16:23,499 - ingestion - INFO - Data saved successfully to data\raw\sample_data.csv
2026-04-10 19:16:23,500 - ingestion - INFO - Using cached API data
2026-04-10 19:16:23,503 - ingestion - INFO - ============================================================
2026-04-10 19:16:23,503 - ingestion - INFO - Data Ingestion Pipeline completed successfully
2026-04-10 19:16:23,505 - ingestion - INFO - Sample data: data\raw\sample_data.csv
2026-04-10 19:16:23,505 - ingestion - INFO - API products: data\raw\api_products.csv
2026-04-10 19:16:23,506 - ingestion - INFO - ============================================================
2026-04-10 19:19:25,700 - ingestion - INFO - ============================================================
2026-04-10 19:19:25,700 - ingestion - INFO - Starting RecoMart Data Ingestion Pipeline
2026-04-10 19:19:25,710 - ingestion - INFO - ============================================================
2026-04-10 19:19:25,710 - ingestion - INFO - Loading CSV from 2019-Oct.csv...
2026-04-10 19:19:25,744 - ingestion - INFO - CSV loaded successfully: 30000 rows
2026-04-10 19:19:25,832 - ingestion - INFO - Data saved successfully to data\raw\sample_data.csv
2026-04-10 19:19:25,833 - ingestion - INFO - Using cached API data
2026-04-10 19:19:25,835 - ingestion - INFO - ============================================================
2026-04-10 19:19:25,837 - ingestion - INFO - Data Ingestion Pipeline completed successfully
2026-04-10 19:19:25,837 - ingestion - INFO - Sample data: data\raw\sample_data.csv
2026-04-10 19:19:25,837 - ingestion - INFO - API products: data\raw\api_products.csv
2026-04-10 19:19:25,837 - ingestion - INFO - ============================================================
2026-04-10 19:21:10,158 - ingestion - INFO - ============================================================
2026-04-10 19:21:10,158 - ingestion - INFO - Starting RecoMart Data Ingestion Pipeline
2026-04-10 19:21:10,158 - ingestion - INFO - ============================================================
2026-04-10 19:21:10,158 - ingestion - INFO - Loading CSV from 2019-Oct.csv...
2026-04-10 19:21:10,191 - ingestion - INFO - CSV loaded successfully: 30000 rows
2026-04-10 19:21:10,272 - ingestion - INFO - Data saved successfully to data\raw\sample_data.csv
2026-04-10 19:21:10,272 - ingestion - INFO - Using cached API data
2026-04-10 19:21:10,272 - ingestion - INFO - ============================================================
2026-04-10 19:21:10,272 - ingestion - INFO - Data Ingestion Pipeline completed successfully
2026-04-10 19:21:10,272 - ingestion - INFO - Sample data: data\raw\sample_data.csv
2026-04-10 19:21:10,272 - ingestion - INFO - API products: data\raw\api_products.csv
2026-04-10 19:21:10,282 - ingestion - INFO - ============================================================
2026-04-10 19:21:26,561 - ingestion - INFO - ============================================================
2026-04-10 19:21:26,561 - ingestion - INFO - Starting RecoMart Data Ingestion Pipeline
2026-04-10 19:21:26,561 - ingestion - INFO - ============================================================
2026-04-10 19:21:26,561 - ingestion - INFO - Loading CSV from 2019-Oct.csv...
2026-04-10 19:21:26,588 - ingestion - INFO - CSV loaded successfully: 30000 rows
2026-04-10 19:21:26,674 - ingestion - INFO - Data saved successfully to data\raw\sample_data.csv
2026-04-10 19:21:26,675 - ingestion - INFO - Using cached API data
2026-04-10 19:21:26,677 - ingestion - INFO - ============================================================
2026-04-10 19:21:26,678 - ingestion - INFO - Data Ingestion Pipeline completed successfully
2026-04-10 19:21:26,679 - ingestion - INFO - Sample data: data\raw\sample_data.csv
2026-04-10 19:21:26,680 - ingestion - INFO - API products: data\raw\api_products.csv
2026-04-10 19:21:26,680 - ingestion - INFO - ============================================================
2026-04-10 19:23:37,804 - ingestion - INFO - ============================================================
2026-04-10 19:23:37,804 - ingestion - INFO - Starting RecoMart Data Ingestion Pipeline
2026-04-10 19:23:37,804 - ingestion - INFO - ============================================================
2026-04-10 19:23:37,804 - ingestion - INFO - Loading CSV from 2019-Oct.csv...
2026-04-10 19:23:37,836 - ingestion - INFO - CSV loaded successfully: 30000 rows
2026-04-10 19:23:37,923 - ingestion - INFO - Data saved successfully to data\raw\sample_data.csv
2026-04-10 19:23:37,924 - ingestion - INFO - Using cached API data
2026-04-10 19:23:37,927 - ingestion - INFO - ============================================================
2026-04-10 19:23:37,928 - ingestion - INFO - Data Ingestion Pipeline completed successfully
2026-04-10 19:23:37,929 - ingestion - INFO - Sample data: data\raw\sample_data.csv
2026-04-10 19:23:37,930 - ingestion - INFO - API products: data\raw\api_products.csv
2026-04-10 19:23:37,930 - ingestion - INFO - ============================================================
2026-04-10 19:26:03,583 - ingestion - INFO - ============================================================
2026-04-10 19:26:03,583 - ingestion - INFO - Starting RecoMart Data Ingestion Pipeline
2026-04-10 19:26:03,583 - ingestion - INFO - ============================================================
2026-04-10 19:26:03,583 - ingestion - INFO - Loading CSV from 2019-Oct.csv...
2026-04-10 19:26:03,624 - ingestion - INFO - CSV loaded successfully: 30000 rows
2026-04-10 19:26:03,707 - ingestion - INFO - Data saved successfully to data\raw\sample_data.csv
2026-04-10 19:26:03,707 - ingestion - INFO - Using cached API data
2026-04-10 19:26:03,707 - ingestion - INFO - ============================================================
2026-04-10 19:26:03,707 - ingestion - INFO - Data Ingestion Pipeline completed successfully
2026-04-10 19:26:03,707 - ingestion - INFO - Sample data: data\raw\sample_data.csv
2026-04-10 19:26:03,707 - ingestion - INFO - API products: data\raw\api_products.csv
2026-04-10 19:26:03,707 - ingestion - INFO - ============================================================
2026-04-10 19:31:42,319 - ingestion - INFO - ============================================================
2026-04-10 19:31:42,320 - ingestion - INFO - Starting RecoMart Data Ingestion Pipeline
2026-04-10 19:31:42,321 - ingestion - INFO - ============================================================
2026-04-10 19:31:42,322 - ingestion - INFO - Loading CSV from 2019-Oct.csv...
2026-04-10 19:31:42,356 - ingestion - INFO - CSV loaded successfully: 30000 rows
2026-04-10 19:31:42,432 - ingestion - INFO - Data saved successfully to data\raw\sample_data.csv
2026-04-10 19:31:42,433 - ingestion - INFO - Using cached API data
2026-04-10 19:31:42,437 - ingestion - INFO - ============================================================
2026-04-10 19:31:42,437 - ingestion - INFO - Data Ingestion Pipeline completed successfully
2026-04-10 19:31:42,438 - ingestion - INFO - Sample data: data\raw\sample_data.csv
2026-04-10 19:31:42,438 - ingestion - INFO - API products: data\raw\api_products.csv
2026-04-10 19:31:42,439 - ingestion - INFO - ============================================================
2026-04-10 19:41:24,002 - ingestion - INFO - ============================================================
2026-04-10 19:41:24,002 - ingestion - INFO - Starting RecoMart Data Ingestion Pipeline
2026-04-10 19:41:24,002 - ingestion - INFO - ============================================================
2026-04-10 19:41:24,003 - ingestion - INFO - Loading CSV from 2019-Oct.csv...
2026-04-10 19:41:24,037 - ingestion - INFO - CSV loaded successfully: 30000 rows
2026-04-10 19:41:24,151 - ingestion - INFO - Data saved successfully to data\raw\sample_data.csv
2026-04-10 19:41:24,152 - ingestion - INFO - Using cached API data
2026-04-10 19:41:24,159 - ingestion - INFO - ============================================================
2026-04-10 19:41:24,160 - ingestion - INFO - Data Ingestion Pipeline completed successfully
2026-04-10 19:41:24,160 - ingestion - INFO - Sample data: data\raw\sample_data.csv
2026-04-10 19:41:24,161 - ingestion - INFO - API products: data\raw\api_products.csv
2026-04-10 19:41:24,161 - ingestion - INFO - ============================================================
2026-04-10 19:43:37,689 - ingestion - INFO - ============================================================
2026-04-10 19:43:37,689 - ingestion - INFO - Starting RecoMart Data Ingestion Pipeline
2026-04-10 19:43:37,689 - ingestion - INFO - ============================================================
2026-04-10 19:43:37,690 - ingestion - INFO - Loading CSV from 2019-Oct.csv...
2026-04-10 19:43:37,724 - ingestion - INFO - CSV loaded successfully: 30000 rows
2026-04-10 19:43:37,781 - ingestion - INFO - Data saved successfully to data\raw\sample_data.csv
2026-04-10 19:43:37,782 - ingestion - INFO - Using cached API data
2026-04-10 19:43:37,784 - ingestion - INFO - ============================================================
2026-04-10 19:43:37,784 - ingestion - INFO - Data Ingestion Pipeline completed successfully
2026-04-10 19:43:37,785 - ingestion - INFO - Sample data: data\raw\sample_data.csv
2026-04-10 19:43:37,785 - ingestion - INFO - API products: data\raw\api_products.csv
2026-04-10 19:43:37,785 - ingestion - INFO - ============================================================
2026-04-10 19:45:24,391 - ingestion - INFO - ============================================================
2026-04-10 19:45:24,391 - ingestion - INFO - Starting RecoMart Data Ingestion Pipeline
2026-04-10 19:45:24,391 - ingestion - INFO - ============================================================
2026-04-10 19:45:24,391 - ingestion - INFO - Loading CSV from 2019-Oct.csv...
2026-04-10 19:45:24,432 - ingestion - INFO - CSV loaded successfully: 30000 rows
2026-04-10 19:45:24,519 - ingestion - INFO - Data saved successfully to data\raw\sample_data.csv
2026-04-10 19:45:24,520 - ingestion - INFO - Using cached API data
2026-04-10 19:45:24,585 - ingestion - INFO - ============================================================
2026-04-10 19:45:24,586 - ingestion - INFO - Data Ingestion Pipeline completed successfully
2026-04-10 19:45:24,586 - ingestion - INFO - Sample data: data\raw\sample_data.csv
2026-04-10 19:45:24,586 - ingestion - INFO - API products: data\raw\api_products.csv
2026-04-10 19:45:24,586 - ingestion - INFO - ============================================================
2026-04-10 19:46:43,456 - ingestion - INFO - ============================================================
2026-04-10 19:46:43,456 - ingestion - INFO - Starting RecoMart Data Ingestion Pipeline
2026-04-10 19:46:43,456 - ingestion - INFO - ============================================================
2026-04-10 19:46:43,456 - ingestion - INFO - Loading CSV from 2019-Oct.csv...
2026-04-10 19:46:43,497 - ingestion - INFO - CSV loaded successfully: 30000 rows
2026-04-10 19:46:43,551 - ingestion - INFO - Data saved successfully to data\raw\sample_data.csv
2026-04-10 19:46:43,551 - ingestion - INFO - Using cached API data
2026-04-10 19:46:43,554 - ingestion - INFO - ============================================================
2026-04-10 19:46:43,554 - ingestion - INFO - Data Ingestion Pipeline completed successfully
2026-04-10 19:46:43,554 - ingestion - INFO - Sample data: data\raw\sample_data.csv
2026-04-10 19:46:43,554 - ingestion - INFO - API products: data\raw\api_products.csv
2026-04-10 19:46:43,554 - ingestion - INFO - ============================================================
2026-04-10 19:48:41,810 - ingestion - INFO - ============================================================
2026-04-10 19:48:41,810 - ingestion - INFO - Starting RecoMart Data Ingestion Pipeline
2026-04-10 19:48:41,810 - ingestion - INFO - ============================================================
2026-04-10 19:48:41,811 - ingestion - INFO - Loading CSV from 2019-Oct.csv...
2026-04-10 19:48:41,845 - ingestion - INFO - CSV loaded successfully: 30000 rows
2026-04-10 19:48:41,905 - ingestion - INFO - Data saved successfully to data\raw\sample_data.csv
2026-04-10 19:48:41,906 - ingestion - INFO - Using cached API data
2026-04-10 19:48:41,907 - ingestion - INFO - ============================================================
2026-04-10 19:48:41,907 - ingestion - INFO - Data Ingestion Pipeline completed successfully
2026-04-10 19:48:41,908 - ingestion - INFO - Sample data: data\raw\sample_data.csv
2026-04-10 19:48:41,908 - ingestion - INFO - API products: data\raw\api_products.csv
2026-04-10 19:48:41,908 - ingestion - INFO - ============================================================
2026-04-10 19:49:30,322 - ingestion - INFO - ============================================================
2026-04-10 19:49:30,322 - ingestion - INFO - Starting RecoMart Data Ingestion Pipeline
2026-04-10 19:49:30,322 - ingestion - INFO - ============================================================
2026-04-10 19:49:30,323 - ingestion - INFO - Loading CSV from 2019-Oct.csv...
2026-04-10 19:49:30,347 - ingestion - INFO - CSV loaded successfully: 30000 rows
2026-04-10 19:49:30,406 - ingestion - INFO - Data saved successfully to data\raw\sample_data.csv
2026-04-10 19:49:30,406 - ingestion - INFO - Using cached API data
2026-04-10 19:49:30,409 - ingestion - INFO - ============================================================
2026-04-10 19:49:30,409 - ingestion - INFO - Data Ingestion Pipeline completed successfully
2026-04-10 19:49:30,409 - ingestion - INFO - Sample data: data\raw\sample_data.csv
2026-04-10 19:49:30,409 - ingestion - INFO - API products: data\raw\api_products.csv
2026-04-10 19:49:30,409 - ingestion - INFO - ============================================================
2026-04-10 19:50:17,737 - ingestion - INFO - ============================================================
2026-04-10 19:50:17,737 - ingestion - INFO - Starting RecoMart Data Ingestion Pipeline
2026-04-10 19:50:17,737 - ingestion - INFO - ============================================================
2026-04-10 19:50:17,737 - ingestion - INFO - Loading CSV from 2019-Oct.csv...
2026-04-10 19:50:17,765 - ingestion - INFO - CSV loaded successfully: 30000 rows
2026-04-10 19:50:17,824 - ingestion - INFO - Data saved successfully to data\raw\sample_data.csv
2026-04-10 19:50:17,825 - ingestion - INFO - Using cached API data
2026-04-10 19:50:17,828 - ingestion - INFO - ============================================================
2026-04-10 19:50:17,828 - ingestion - INFO - Data Ingestion Pipeline completed successfully
2026-04-10 19:50:17,828 - ingestion - INFO - Sample data: data\raw\sample_data.csv
2026-04-10 19:50:17,828 - ingestion - INFO - API products: data\raw\api_products.csv
2026-04-10 19:50:17,829 - ingestion - INFO - ============================================================
2026-04-10 19:51:23,463 - ingestion - INFO - ============================================================
2026-04-10 19:51:23,463 - ingestion - INFO - Starting RecoMart Data Ingestion Pipeline
2026-04-10 19:51:23,463 - ingestion - INFO - ============================================================
2026-04-10 19:51:23,463 - ingestion - INFO - Loading CSV from 2019-Oct.csv...
2026-04-10 19:51:23,500 - ingestion - INFO - CSV loaded successfully: 30000 rows
2026-04-10 19:51:23,556 - ingestion - INFO - Data saved successfully to data\raw\sample_data.csv
2026-04-10 19:51:23,557 - ingestion - INFO - Using cached API data
2026-04-10 19:51:23,559 - ingestion - INFO - ============================================================
2026-04-10 19:51:23,560 - ingestion - INFO - Data Ingestion Pipeline completed successfully
2026-04-10 19:51:23,560 - ingestion - INFO - Sample data: data\raw\sample_data.csv
2026-04-10 19:51:23,560 - ingestion - INFO - API products: data\raw\api_products.csv
2026-04-10 19:51:23,560 - ingestion - INFO - ============================================================
2026-04-10 20:40:11,574 - ingestion - INFO - ============================================================
2026-04-10 20:40:11,574 - ingestion - INFO - Starting RecoMart Data Ingestion Pipeline
2026-04-10 20:40:11,574 - ingestion - INFO - ============================================================
2026-04-10 20:40:11,589 - ingestion - INFO - Loading CSV from 2019-Oct.csv...
2026-04-10 20:40:11,621 - ingestion - INFO - CSV loaded successfully: 30000 rows
2026-04-10 20:40:11,735 - ingestion - INFO - Data saved successfully to data\raw\sample_data.csv
2026-04-10 20:40:11,735 - ingestion - INFO - Using cached API data
2026-04-10 20:40:11,751 - ingestion - INFO - ============================================================
2026-04-10 20:40:11,751 - ingestion - INFO - Data Ingestion Pipeline completed successfully
2026-04-10 20:40:11,751 - ingestion - INFO - Sample data: data\raw\sample_data.csv
2026-04-10 20:40:11,751 - ingestion - INFO - API products: data\raw\api_products.csv
2026-04-10 20:40:11,751 - ingestion - INFO - ============================================================
2026-04-10 20:40:40,739 - ingestion - INFO - ============================================================
2026-04-10 20:40:40,739 - ingestion - INFO - Starting RecoMart Data Ingestion Pipeline
2026-04-10 20:40:40,739 - ingestion - INFO - ============================================================
2026-04-10 20:40:40,739 - ingestion - INFO - Loading CSV from 2019-Oct.csv...
2026-04-10 20:40:40,772 - ingestion - INFO - CSV loaded successfully: 30000 rows
2026-04-10 20:40:40,903 - ingestion - INFO - Data saved successfully to data\raw\sample_data.csv
2026-04-10 20:40:40,904 - ingestion - INFO - Using cached API data
2026-04-10 20:40:40,904 - ingestion - INFO - ============================================================
2026-04-10 20:40:40,904 - ingestion - INFO - Data Ingestion Pipeline completed successfully
2026-04-10 20:40:40,904 - ingestion - INFO - Sample data: data\raw\sample_data.csv
2026-04-10 20:40:40,904 - ingestion - INFO - API products: data\raw\api_products.csv
2026-04-10 20:40:40,904 - ingestion - INFO - ============================================================
2026-04-10 20:46:53,243 - ingestion - INFO - ============================================================
2026-04-10 20:46:53,244 - ingestion - INFO - Starting RecoMart Data Ingestion Pipeline
2026-04-10 20:46:53,244 - ingestion - INFO - ============================================================
2026-04-10 20:46:53,244 - ingestion - INFO - Loading CSV from 2019-Oct.csv...
2026-04-10 20:46:53,264 - ingestion - INFO - CSV loaded successfully: 30000 rows
2026-04-10 20:46:53,309 - ingestion - INFO - Data saved successfully to data\raw\sample_data.csv
2026-04-10 20:46:53,309 - ingestion - INFO - Using cached API data
2026-04-10 20:46:53,311 - ingestion - INFO - ============================================================
2026-04-10 20:46:53,311 - ingestion - INFO - Data Ingestion Pipeline completed successfully
2026-04-10 20:46:53,311 - ingestion - INFO - Sample data: data\raw\sample_data.csv
2026-04-10 20:46:53,311 - ingestion - INFO - API products: data\raw\api_products.csv
2026-04-10 20:46:53,311 - ingestion - INFO - ============================================================
2026-04-10 20:50:38,773 - ingestion - INFO - ============================================================
2026-04-10 20:50:38,774 - ingestion - INFO - Starting RecoMart Data Ingestion Pipeline
2026-04-10 20:50:38,774 - ingestion - INFO - ============================================================
2026-04-10 20:50:38,774 - ingestion - INFO - Loading CSV from 2019-Oct.csv...
2026-04-10 20:50:38,796 - ingestion - INFO - CSV loaded successfully: 30000 rows
2026-04-10 20:50:38,862 - ingestion - INFO - Data saved successfully to data\raw\sample_data.csv
2026-04-10 20:50:38,862 - ingestion - INFO - Using cached API data
2026-04-10 20:50:38,864 - ingestion - INFO - ============================================================
2026-04-10 20:50:38,864 - ingestion - INFO - Data Ingestion Pipeline completed successfully
2026-04-10 20:50:38,864 - ingestion - INFO - Sample data: data\raw\sample_data.csv
2026-04-10 20:50:38,864 - ingestion - INFO - API products: data\raw\api_products.csv
2026-04-10 20:50:38,864 - ingestion - INFO - ============================================================
