2026-03-31 08:23:08,775 - pipeline - INFO - ======================================================================
2026-03-31 08:23:08,775 - pipeline - INFO - 🚀 RECOMART MASTER PIPELINE STARTED
2026-03-31 08:23:08,775 - pipeline - INFO - ======================================================================
2026-03-31 08:23:08,775 - pipeline - INFO - 
📥 STEP 1: Data Ingestion (Shankar)
2026-03-31 08:23:08,775 - pipeline - INFO - ----------------------------------------------------------------------
2026-03-31 08:23:11,116 - pipeline - INFO - ✅ Ingestion completed successfully
2026-03-31 08:23:11,116 - pipeline - INFO - 
🧼 STEP 2: Data Processing & Validation (Prashansa)
2026-03-31 08:23:11,116 - pipeline - INFO - ----------------------------------------------------------------------
2026-03-31 08:23:11,117 - pipeline - INFO - ⏳ Waiting for processing module... (scripts/data_processing.py)
2026-03-31 08:23:11,117 - pipeline - INFO - 
🏗️  STEP 3: Feature Engineering (Aniket)
2026-03-31 08:23:11,117 - pipeline - INFO - ----------------------------------------------------------------------
2026-03-31 08:23:11,118 - pipeline - INFO - ⏳ Waiting for feature engineering module... (scripts/feature_engineering.py)
2026-03-31 08:23:11,118 - pipeline - INFO - 
🤖 STEP 4: Model Training & Evaluation (Flavia)
2026-03-31 08:23:11,118 - pipeline - INFO - ----------------------------------------------------------------------
2026-03-31 08:23:11,118 - pipeline - INFO - ⏳ Waiting for model training module... (scripts/model_training.py)
2026-03-31 08:23:11,118 - pipeline - INFO - 
======================================================================
2026-03-31 08:23:11,118 - pipeline - INFO - ✅ PIPELINE FRAMEWORK READY
2026-03-31 08:23:11,118 - pipeline - INFO - ======================================================================
2026-03-31 08:23:11,118 - pipeline - INFO - 
Team members: Implement your modules in the scripts/ folder:
2026-03-31 08:23:11,118 - pipeline - INFO -   - Prashansa: scripts/data_processing.py
2026-03-31 08:23:11,118 - pipeline - INFO -   - Aniket: scripts/feature_engineering.py
2026-03-31 08:23:11,118 - pipeline - INFO -   - Flavia: scripts/model_training.py
2026-03-31 16:49:04,450 - pipeline - INFO - ======================================================================
2026-03-31 16:49:04,450 - pipeline - INFO - 🚀 RECOMART MASTER PIPELINE STARTED
2026-03-31 16:49:04,450 - pipeline - INFO - ======================================================================
2026-03-31 16:49:04,450 - pipeline - INFO - 
📥 STEP 1: Data Ingestion (Shankar)
2026-03-31 16:49:04,450 - pipeline - INFO - ----------------------------------------------------------------------
2026-03-31 16:49:06,456 - pipeline - ERROR - ❌ Ingestion failed: 523 Server Error: <none> for url: https://fakestoreapi.com/products
2026-03-31 16:49:06,456 - pipeline - WARNING - Pipeline paused. Waiting for Shankar to resolve data ingestion.
2026-03-31 16:55:48,177 - pipeline - INFO - ======================================================================
2026-03-31 16:55:48,178 - pipeline - INFO - 🚀 RECOMART MASTER PIPELINE STARTED
2026-03-31 16:55:48,178 - pipeline - INFO - ======================================================================
2026-03-31 16:55:48,178 - pipeline - INFO - 
📥 STEP 1: Data Ingestion (Shankar)
2026-03-31 16:55:48,178 - pipeline - INFO - ----------------------------------------------------------------------
2026-03-31 16:55:48,244 - pipeline - INFO - ✅ Ingestion completed successfully
2026-03-31 16:55:48,244 - pipeline - INFO - 
🧼 STEP 2: Data Processing & Validation (Prashansa)
2026-03-31 16:55:48,245 - pipeline - INFO - ----------------------------------------------------------------------
2026-03-31 16:55:49,151 - pipeline - INFO - ✅ Data processing completed successfully
2026-03-31 16:55:49,151 - pipeline - INFO - 
🏗️  STEP 3: Feature Engineering (Aniket)
2026-03-31 16:55:49,151 - pipeline - INFO - ----------------------------------------------------------------------
2026-03-31 16:55:49,151 - pipeline - INFO - ⏳ Waiting for feature engineering module... (scripts/feature_engineering.py)
2026-03-31 16:55:49,151 - pipeline - INFO - 
🤖 STEP 4: Model Training & Evaluation (Flavia)
2026-03-31 16:55:49,151 - pipeline - INFO - ----------------------------------------------------------------------
2026-03-31 16:55:49,151 - pipeline - INFO - ⏳ Waiting for model training module... (scripts/model_training.py)
2026-03-31 16:55:49,151 - pipeline - INFO - 
======================================================================
2026-03-31 16:55:49,151 - pipeline - INFO - ✅ PIPELINE FRAMEWORK READY
2026-03-31 16:55:49,151 - pipeline - INFO - ======================================================================
2026-03-31 16:55:49,151 - pipeline - INFO - 
Team members: Implement your modules in the scripts/ folder:
2026-03-31 16:55:49,151 - pipeline - INFO -   - Prashansa: scripts/data_processing.py
2026-03-31 16:55:49,151 - pipeline - INFO -   - Aniket: scripts/feature_engineering.py
2026-03-31 16:55:49,151 - pipeline - INFO -   - Flavia: scripts/model_training.py
2026-03-31 17:04:38,184 - pipeline - INFO - ======================================================================
2026-03-31 17:04:38,185 - pipeline - INFO - 🚀 RECOMART MASTER PIPELINE STARTED
2026-03-31 17:04:38,185 - pipeline - INFO - ======================================================================
2026-03-31 17:04:38,185 - pipeline - INFO - 
📥 STEP 1: Data Ingestion (Shankar)
2026-03-31 17:04:38,185 - pipeline - INFO - ----------------------------------------------------------------------
2026-03-31 17:04:38,242 - pipeline - INFO - ✅ Ingestion completed successfully
2026-03-31 17:04:38,243 - pipeline - INFO - 
🧼 STEP 2: Data Processing & Validation (Prashansa)
2026-03-31 17:04:38,243 - pipeline - INFO - ----------------------------------------------------------------------
2026-03-31 17:04:38,526 - pipeline - ERROR - ❌ Data processing failed: No module named 'utils.logger'; 'utils' is not a package
2026-03-31 17:05:13,323 - pipeline - INFO - ======================================================================
2026-03-31 17:05:13,323 - pipeline - INFO - 🚀 RECOMART MASTER PIPELINE STARTED
2026-03-31 17:05:13,323 - pipeline - INFO - ======================================================================
2026-03-31 17:05:13,323 - pipeline - INFO - 
📥 STEP 1: Data Ingestion (Shankar)
2026-03-31 17:05:13,323 - pipeline - INFO - ----------------------------------------------------------------------
2026-03-31 17:05:13,382 - pipeline - INFO - ✅ Ingestion completed successfully
2026-03-31 17:05:13,382 - pipeline - INFO - 
🧼 STEP 2: Data Processing & Validation (Prashansa)
2026-03-31 17:05:13,382 - pipeline - INFO - ----------------------------------------------------------------------
2026-03-31 17:05:13,646 - pipeline - ERROR - ❌ Data processing failed: No module named 'utils.logger'; 'utils' is not a package
2026-03-31 17:18:29,590 - pipeline - INFO - ======================================================================
2026-03-31 17:18:29,591 - pipeline - INFO - 🚀 RECOMART MASTER PIPELINE STARTED
2026-03-31 17:18:29,591 - pipeline - INFO - ======================================================================
2026-03-31 17:18:29,591 - pipeline - INFO - 
📥 STEP 1: Data Ingestion (Shankar)
2026-03-31 17:18:29,591 - pipeline - INFO - ----------------------------------------------------------------------
2026-03-31 17:18:29,668 - pipeline - INFO - ✅ Ingestion completed successfully
2026-03-31 17:18:29,668 - pipeline - INFO - 
🧼 STEP 2: Data Processing & Validation (Prashansa)
2026-03-31 17:18:29,668 - pipeline - INFO - ----------------------------------------------------------------------
2026-03-31 17:18:30,790 - pipeline - INFO - ✅ Data processing completed successfully
2026-03-31 17:18:30,790 - pipeline - INFO - 
🏗️  STEP 3: Feature Engineering (Aniket)
2026-03-31 17:18:30,790 - pipeline - INFO - ----------------------------------------------------------------------
2026-03-31 17:18:30,790 - pipeline - INFO - ⏳ Waiting for feature engineering module... (scripts/feature_engineering.py)
2026-03-31 17:18:30,790 - pipeline - INFO - 
🤖 STEP 4: Model Training & Evaluation (Flavia)
2026-03-31 17:18:30,790 - pipeline - INFO - ----------------------------------------------------------------------
2026-03-31 17:18:30,790 - pipeline - INFO - ⏳ Waiting for model training module... (scripts/model_training.py)
2026-03-31 17:18:30,791 - pipeline - INFO - 
======================================================================
2026-03-31 17:18:30,791 - pipeline - INFO - ✅ PIPELINE FRAMEWORK READY
2026-03-31 17:18:30,791 - pipeline - INFO - ======================================================================
2026-03-31 17:18:30,791 - pipeline - INFO - 
Team members: Implement your modules in the scripts/ folder:
2026-03-31 17:18:30,791 - pipeline - INFO -   - Prashansa: scripts/data_processing.py
2026-03-31 17:18:30,791 - pipeline - INFO -   - Aniket: scripts/feature_engineering.py
2026-03-31 17:18:30,791 - pipeline - INFO -   - Flavia: scripts/model_training.py
2026-03-31 17:20:05,797 - pipeline - INFO - ======================================================================
2026-03-31 17:20:05,797 - pipeline - INFO - 🚀 RECOMART MASTER PIPELINE STARTED
2026-03-31 17:20:05,797 - pipeline - INFO - ======================================================================
2026-03-31 17:20:05,797 - pipeline - INFO - 
📥 STEP 1: Data Ingestion (Shankar)
2026-03-31 17:20:05,797 - pipeline - INFO - ----------------------------------------------------------------------
2026-03-31 17:20:05,854 - pipeline - INFO - ✅ Ingestion completed successfully
2026-03-31 17:20:05,854 - pipeline - INFO - 
🧼 STEP 2: Data Processing & Validation (Prashansa)
2026-03-31 17:20:05,854 - pipeline - INFO - ----------------------------------------------------------------------
2026-03-31 17:20:06,532 - pipeline - INFO - ✅ Data processing completed successfully
2026-03-31 17:20:06,532 - pipeline - INFO - 
🏗️  STEP 3: Feature Engineering (Aniket)
2026-03-31 17:20:06,532 - pipeline - INFO - ----------------------------------------------------------------------
2026-03-31 17:20:06,532 - pipeline - INFO - ⏳ Waiting for feature engineering module... (scripts/feature_engineering.py)
2026-03-31 17:20:06,532 - pipeline - INFO - 
🤖 STEP 4: Model Training & Evaluation (Flavia)
2026-03-31 17:20:06,532 - pipeline - INFO - ----------------------------------------------------------------------
2026-03-31 17:20:06,532 - pipeline - INFO - ⏳ Waiting for model training module... (scripts/model_training.py)
2026-03-31 17:20:06,532 - pipeline - INFO - 
======================================================================
2026-03-31 17:20:06,532 - pipeline - INFO - ✅ PIPELINE FRAMEWORK READY
2026-03-31 17:20:06,532 - pipeline - INFO - ======================================================================
2026-03-31 17:20:06,532 - pipeline - INFO - 
Team members: Implement your modules in the scripts/ folder:
2026-03-31 17:20:06,532 - pipeline - INFO -   - Prashansa: scripts/data_processing.py
2026-03-31 17:20:06,532 - pipeline - INFO -   - Aniket: scripts/feature_engineering.py
2026-03-31 17:20:06,532 - pipeline - INFO -   - Flavia: scripts/model_training.py
2026-03-31 17:41:51,646 - pipeline - INFO - ======================================================================
2026-03-31 17:41:51,646 - pipeline - INFO -  RECOMART MASTER PIPELINE STARTED
2026-03-31 17:41:51,646 - pipeline - INFO - ======================================================================
2026-03-31 17:41:51,646 - pipeline - INFO - 
 STEP 1: Data Ingestion (Shankar)
2026-03-31 17:41:51,646 - pipeline - INFO - ----------------------------------------------------------------------
2026-03-31 17:41:51,707 - pipeline - INFO - Ingestion completed successfully
2026-03-31 17:41:51,707 - pipeline - INFO - 
 STEP 2: Data Processing & Validation (Prashansa)
2026-03-31 17:41:51,707 - pipeline - INFO - ----------------------------------------------------------------------
2026-03-31 17:41:52,559 - pipeline - INFO -  Data processing completed successfully
2026-03-31 17:41:52,559 - pipeline - INFO - 
  STEP 3: Feature Engineering (Aniket)
2026-03-31 17:41:52,559 - pipeline - INFO - ----------------------------------------------------------------------
2026-03-31 17:41:52,559 - pipeline - INFO -  Waiting for feature engineering module... (scripts/feature_engineering.py)
2026-03-31 17:41:52,559 - pipeline - INFO - 
 STEP 4: Model Training & Evaluation (Flavia)
2026-03-31 17:41:52,559 - pipeline - INFO - ----------------------------------------------------------------------
2026-03-31 17:41:52,559 - pipeline - INFO -  Waiting for model training module... (scripts/model_training.py)
2026-03-31 17:41:52,559 - pipeline - INFO - 
======================================================================
2026-03-31 17:41:52,559 - pipeline - INFO -  PIPELINE FRAMEWORK READY
2026-03-31 17:41:52,559 - pipeline - INFO - ======================================================================
2026-03-31 17:41:52,559 - pipeline - INFO - 
Team members: Implement your modules in the scripts/ folder:
2026-03-31 17:41:52,559 - pipeline - INFO -   - Prashansa: scripts/data_processing.py
2026-03-31 17:41:52,559 - pipeline - INFO -   - Aniket: scripts/feature_engineering.py
2026-03-31 17:41:52,560 - pipeline - INFO -   - Flavia: scripts/model_training.py
2026-03-31 17:42:20,242 - pipeline - INFO - ======================================================================
2026-03-31 17:42:20,242 - pipeline - INFO -  RECOMART MASTER PIPELINE STARTED
2026-03-31 17:42:20,242 - pipeline - INFO - ======================================================================
2026-03-31 17:42:20,242 - pipeline - INFO - 
 STEP 1: Data Ingestion (Shankar)
2026-03-31 17:42:20,242 - pipeline - INFO - ----------------------------------------------------------------------
2026-03-31 17:42:20,301 - pipeline - INFO - Ingestion completed successfully
2026-03-31 17:42:20,301 - pipeline - INFO - 
 STEP 2: Data Processing & Validation (Prashansa)
2026-03-31 17:42:20,301 - pipeline - INFO - ----------------------------------------------------------------------
2026-03-31 17:42:20,966 - pipeline - INFO -  Data processing completed successfully
2026-03-31 17:42:20,966 - pipeline - INFO - 
  STEP 3: Feature Engineering (Aniket)
2026-03-31 17:42:20,966 - pipeline - INFO - ----------------------------------------------------------------------
2026-03-31 17:42:20,966 - pipeline - INFO -  Waiting for feature engineering module... (scripts/feature_engineering.py)
2026-03-31 17:42:20,966 - pipeline - INFO - 
 STEP 4: Model Training & Evaluation (Flavia)
2026-03-31 17:42:20,966 - pipeline - INFO - ----------------------------------------------------------------------
2026-03-31 17:42:20,966 - pipeline - INFO -  Waiting for model training module... (scripts/model_training.py)
2026-03-31 17:42:20,966 - pipeline - INFO - 
======================================================================
2026-03-31 17:42:20,966 - pipeline - INFO -  PIPELINE FRAMEWORK READY
2026-03-31 17:42:20,966 - pipeline - INFO - ======================================================================
2026-03-31 17:42:20,966 - pipeline - INFO - 
Team members: Implement your modules in the scripts/ folder:
2026-03-31 17:42:20,966 - pipeline - INFO -   - Prashansa: scripts/data_processing.py
2026-03-31 17:42:20,966 - pipeline - INFO -   - Aniket: scripts/feature_engineering.py
2026-03-31 17:42:20,966 - pipeline - INFO -   - Flavia: scripts/model_training.py
2026-03-31 17:42:47,044 - pipeline - INFO - ======================================================================
2026-03-31 17:42:47,044 - pipeline - INFO -  RECOMART MASTER PIPELINE STARTED
2026-03-31 17:42:47,044 - pipeline - INFO - ======================================================================
2026-03-31 17:42:47,044 - pipeline - INFO - 
 STEP 1: Data Ingestion (Shankar)
2026-03-31 17:42:47,044 - pipeline - INFO - ----------------------------------------------------------------------
2026-03-31 17:42:47,108 - pipeline - INFO - Ingestion completed successfully
2026-03-31 17:42:47,108 - pipeline - INFO - 
 STEP 2: Data Processing & Validation (Prashansa)
2026-03-31 17:42:47,108 - pipeline - INFO - ----------------------------------------------------------------------
2026-03-31 17:42:47,778 - pipeline - INFO -  Data processing completed successfully
2026-03-31 17:42:47,778 - pipeline - INFO - 
  STEP 3: Feature Engineering (Aniket)
2026-03-31 17:42:47,778 - pipeline - INFO - ----------------------------------------------------------------------
2026-03-31 17:42:47,778 - pipeline - INFO -  Waiting for feature engineering module... (scripts/feature_engineering.py)
2026-03-31 17:42:47,778 - pipeline - INFO - 
 STEP 4: Model Training & Evaluation (Flavia)
2026-03-31 17:42:47,778 - pipeline - INFO - ----------------------------------------------------------------------
2026-03-31 17:42:47,778 - pipeline - INFO -  Waiting for model training module... (scripts/model_training.py)
2026-03-31 17:42:47,778 - pipeline - INFO - 
======================================================================
2026-03-31 17:42:47,778 - pipeline - INFO -  PIPELINE FRAMEWORK READY
2026-03-31 17:42:47,778 - pipeline - INFO - ======================================================================
2026-03-31 17:42:47,778 - pipeline - INFO - 
Team members: Implement your modules in the scripts/ folder:
2026-03-31 17:42:47,778 - pipeline - INFO -   - Prashansa: done
2026-03-31 17:42:47,778 - pipeline - INFO -   - Aniket: scripts/feature_engineering.py
2026-03-31 17:42:47,778 - pipeline - INFO -   - Flavia: scripts/model_training.py
2026-04-10 19:06:26,345 - pipeline - INFO - ======================================================================
2026-04-10 19:06:26,345 - pipeline - INFO -  RECOMART MASTER PIPELINE STARTED
2026-04-10 19:06:26,345 - pipeline - INFO - ======================================================================
2026-04-10 19:06:26,345 - pipeline - INFO - 
 STEP 1: Data Ingestion (Shankar)
2026-04-10 19:06:26,345 - pipeline - INFO - ----------------------------------------------------------------------
2026-04-10 19:06:26,463 - pipeline - INFO - Ingestion completed successfully
2026-04-10 19:06:26,464 - pipeline - INFO - 
 STEP 2: Data Processing & Validation (Prashansa)
2026-04-10 19:06:26,465 - pipeline - INFO - ----------------------------------------------------------------------
2026-04-10 19:06:35,539 - pipeline - INFO -  Data processing completed successfully
2026-04-10 19:06:35,539 - pipeline - INFO - 
  STEP 3: Feature Engineering (Aniket)
2026-04-10 19:06:35,539 - pipeline - INFO - ----------------------------------------------------------------------
2026-04-10 19:06:35,539 - pipeline - INFO -  Waiting for feature engineering module... (scripts/feature_engineering.py)
2026-04-10 19:06:35,539 - pipeline - INFO - 
 STEP 4: Model Training & Evaluation (Flavia)
2026-04-10 19:06:35,550 - pipeline - INFO - ----------------------------------------------------------------------
2026-04-10 19:06:35,550 - pipeline - INFO -  Waiting for model training module... (scripts/model_training.py)
2026-04-10 19:06:35,550 - pipeline - INFO - 
======================================================================
2026-04-10 19:06:35,551 - pipeline - INFO -  PIPELINE FRAMEWORK READY
2026-04-10 19:06:35,552 - pipeline - INFO - ======================================================================
2026-04-10 19:06:35,552 - pipeline - INFO - 
Team members: Implement your modules in the scripts/ folder:
2026-04-10 19:06:35,553 - pipeline - INFO -   - Prashansa: done
2026-04-10 19:06:35,553 - pipeline - INFO -   - Aniket: scripts/feature_engineering.py
2026-04-10 19:06:35,553 - pipeline - INFO -   - Flavia: scripts/model_training.py
2026-04-10 19:07:44,844 - pipeline - INFO - ======================================================================
2026-04-10 19:07:44,844 - pipeline - INFO -  RECOMART MASTER PIPELINE STARTED
2026-04-10 19:07:44,844 - pipeline - INFO - ======================================================================
2026-04-10 19:07:44,844 - pipeline - INFO - 
 STEP 1: Data Ingestion (Shankar)
2026-04-10 19:07:44,844 - pipeline - INFO - ----------------------------------------------------------------------
2026-04-10 19:07:44,966 - pipeline - INFO - Ingestion completed successfully
2026-04-10 19:07:44,966 - pipeline - INFO - 
 STEP 2: Data Processing & Validation (Prashansa)
2026-04-10 19:07:44,966 - pipeline - INFO - ----------------------------------------------------------------------
2026-04-10 19:07:46,949 - pipeline - INFO -  Data processing completed successfully
2026-04-10 19:07:46,949 - pipeline - INFO - 
  STEP 3: Feature Engineering (Aniket)
2026-04-10 19:07:46,949 - pipeline - INFO - ----------------------------------------------------------------------
2026-04-10 19:07:46,949 - pipeline - INFO -  Waiting for feature engineering module... (scripts/feature_engineering.py)
2026-04-10 19:07:46,949 - pipeline - INFO - 
 STEP 4: Model Training & Evaluation (Flavia)
2026-04-10 19:07:46,949 - pipeline - INFO - ----------------------------------------------------------------------
2026-04-10 19:07:46,949 - pipeline - INFO -  Waiting for model training module... (scripts/model_training.py)
2026-04-10 19:07:46,949 - pipeline - INFO - 
======================================================================
2026-04-10 19:07:46,949 - pipeline - INFO -  PIPELINE FRAMEWORK READY
2026-04-10 19:07:46,949 - pipeline - INFO - ======================================================================
2026-04-10 19:07:46,949 - pipeline - INFO - 
Team members: Implement your modules in the scripts/ folder:
2026-04-10 19:07:46,949 - pipeline - INFO -   - Prashansa: done
2026-04-10 19:07:46,949 - pipeline - INFO -   - Aniket: scripts/feature_engineering.py
2026-04-10 19:07:46,949 - pipeline - INFO -   - Flavia: scripts/model_training.py
2026-04-10 19:08:44,111 - pipeline - INFO - ======================================================================
2026-04-10 19:08:44,111 - pipeline - INFO -  RECOMART MASTER PIPELINE STARTED
2026-04-10 19:08:44,111 - pipeline - INFO - ======================================================================
2026-04-10 19:08:44,111 - pipeline - INFO - 
 STEP 1: Data Ingestion (Shankar)
2026-04-10 19:08:44,111 - pipeline - INFO - ----------------------------------------------------------------------
2026-04-10 19:08:44,244 - pipeline - INFO - Ingestion completed successfully
2026-04-10 19:08:44,244 - pipeline - INFO - 
 STEP 2: Data Processing & Validation (Prashansa)
2026-04-10 19:08:44,245 - pipeline - INFO - ----------------------------------------------------------------------
2026-04-10 19:08:45,927 - pipeline - INFO -  Data processing completed successfully
2026-04-10 19:08:45,927 - pipeline - INFO - 
  STEP 3: Feature Engineering (Aniket)
2026-04-10 19:08:45,927 - pipeline - INFO - ----------------------------------------------------------------------
2026-04-10 19:08:45,927 - pipeline - INFO -  Waiting for feature engineering module... (scripts/feature_engineering.py)
2026-04-10 19:08:45,942 - pipeline - INFO - 
 STEP 4: Model Training & Evaluation (Flavia)
2026-04-10 19:08:45,942 - pipeline - INFO - ----------------------------------------------------------------------
2026-04-10 19:08:45,943 - pipeline - INFO -  Waiting for model training module... (scripts/model_training.py)
2026-04-10 19:08:45,943 - pipeline - INFO - 
======================================================================
2026-04-10 19:08:45,944 - pipeline - INFO -  PIPELINE FRAMEWORK READY
2026-04-10 19:08:45,945 - pipeline - INFO - ======================================================================
2026-04-10 19:08:45,945 - pipeline - INFO - 
Team members: Implement your modules in the scripts/ folder:
2026-04-10 19:08:45,946 - pipeline - INFO -   - Prashansa: done
2026-04-10 19:08:45,946 - pipeline - INFO -   - Aniket: scripts/feature_engineering.py
2026-04-10 19:08:45,947 - pipeline - INFO -   - Flavia: scripts/model_training.py
2026-04-10 19:11:02,371 - pipeline - INFO - ======================================================================
2026-04-10 19:11:02,371 - pipeline - INFO -  RECOMART MASTER PIPELINE STARTED
2026-04-10 19:11:02,371 - pipeline - INFO - ======================================================================
2026-04-10 19:11:02,371 - pipeline - INFO - 
 STEP 1: Data Ingestion (Shankar)
2026-04-10 19:11:02,371 - pipeline - INFO - ----------------------------------------------------------------------
2026-04-10 19:11:02,487 - pipeline - INFO - Ingestion completed successfully
2026-04-10 19:11:02,487 - pipeline - INFO - 
 STEP 2: Data Processing & Validation (Prashansa)
2026-04-10 19:11:02,487 - pipeline - INFO - ----------------------------------------------------------------------
2026-04-10 19:11:04,117 - pipeline - INFO -  Data processing completed successfully
2026-04-10 19:11:04,117 - pipeline - INFO - 
  STEP 3: Feature Engineering (Aniket)
2026-04-10 19:11:04,117 - pipeline - INFO - ----------------------------------------------------------------------
2026-04-10 19:11:04,117 - pipeline - INFO -  Waiting for feature engineering module... (scripts/feature_engineering.py)
2026-04-10 19:11:04,117 - pipeline - INFO - 
 STEP 4: Model Training & Evaluation (Flavia)
2026-04-10 19:11:04,117 - pipeline - INFO - ----------------------------------------------------------------------
2026-04-10 19:11:04,129 - pipeline - INFO -  Waiting for model training module... (scripts/model_training.py)
2026-04-10 19:11:04,130 - pipeline - INFO - 
======================================================================
2026-04-10 19:11:04,131 - pipeline - INFO -  PIPELINE FRAMEWORK READY
2026-04-10 19:11:04,132 - pipeline - INFO - ======================================================================
2026-04-10 19:11:04,132 - pipeline - INFO - 
Team members: Implement your modules in the scripts/ folder:
2026-04-10 19:11:04,132 - pipeline - INFO -   - Prashansa: done
2026-04-10 19:11:04,132 - pipeline - INFO -   - Aniket: scripts/feature_engineering.py
2026-04-10 19:11:04,132 - pipeline - INFO -   - Flavia: scripts/model_training.py
2026-04-10 19:13:10,024 - pipeline - INFO - ======================================================================
2026-04-10 19:13:10,024 - pipeline - INFO -  RECOMART MASTER PIPELINE STARTED
2026-04-10 19:13:10,024 - pipeline - INFO - ======================================================================
2026-04-10 19:13:10,024 - pipeline - INFO - 
 STEP 1: Data Ingestion (Shankar)
2026-04-10 19:13:10,024 - pipeline - INFO - ----------------------------------------------------------------------
2026-04-10 19:13:10,179 - pipeline - INFO - Ingestion completed successfully
2026-04-10 19:13:10,195 - pipeline - INFO - 
 STEP 2: Data Processing & Validation (Prashansa)
2026-04-10 19:13:10,195 - pipeline - INFO - ----------------------------------------------------------------------
2026-04-10 19:13:13,895 - pipeline - INFO -  Data processing completed successfully
2026-04-10 19:13:13,895 - pipeline - INFO - 
  STEP 3: Feature Engineering (Aniket)
2026-04-10 19:13:13,895 - pipeline - INFO - ----------------------------------------------------------------------
2026-04-10 19:13:13,895 - pipeline - INFO -  Waiting for feature engineering module... (scripts/feature_engineering.py)
2026-04-10 19:13:13,895 - pipeline - INFO - 
 STEP 4: Model Training & Evaluation (Flavia)
2026-04-10 19:13:13,895 - pipeline - INFO - ----------------------------------------------------------------------
2026-04-10 19:13:13,911 - pipeline - INFO -  Waiting for model training module... (scripts/model_training.py)
2026-04-10 19:13:13,911 - pipeline - INFO - 
======================================================================
2026-04-10 19:13:13,912 - pipeline - INFO -  PIPELINE FRAMEWORK READY
2026-04-10 19:13:13,913 - pipeline - INFO - ======================================================================
2026-04-10 19:13:13,914 - pipeline - INFO - 
Team members: Implement your modules in the scripts/ folder:
2026-04-10 19:13:13,914 - pipeline - INFO -   - Prashansa: done
2026-04-10 19:13:13,915 - pipeline - INFO -   - Aniket: scripts/feature_engineering.py
2026-04-10 19:13:13,915 - pipeline - INFO -   - Flavia: scripts/model_training.py
2026-04-10 19:15:59,895 - pipeline - INFO - ======================================================================
2026-04-10 19:15:59,897 - pipeline - INFO -  RECOMART MASTER PIPELINE STARTED
2026-04-10 19:15:59,897 - pipeline - INFO - ======================================================================
2026-04-10 19:15:59,898 - pipeline - INFO - 
 STEP 1: Data Ingestion (Shankar)
2026-04-10 19:15:59,898 - pipeline - INFO - ----------------------------------------------------------------------
2026-04-10 19:16:00,027 - pipeline - INFO - Ingestion completed successfully
2026-04-10 19:16:00,027 - pipeline - INFO - 
 STEP 2: Data Processing & Validation (Prashansa)
2026-04-10 19:16:00,027 - pipeline - INFO - ----------------------------------------------------------------------
2026-04-10 19:16:01,929 - pipeline - INFO -  Data processing completed successfully
2026-04-10 19:16:01,929 - pipeline - INFO - 
  STEP 3: Feature Engineering (Aniket)
2026-04-10 19:16:01,930 - pipeline - INFO - ----------------------------------------------------------------------
2026-04-10 19:16:01,930 - pipeline - INFO -  Waiting for feature engineering module... (scripts/feature_engineering.py)
2026-04-10 19:16:01,930 - pipeline - INFO - 
 STEP 4: Model Training & Evaluation (Flavia)
2026-04-10 19:16:01,930 - pipeline - INFO - ----------------------------------------------------------------------
2026-04-10 19:16:01,930 - pipeline - INFO -  Waiting for model training module... (scripts/model_training.py)
2026-04-10 19:16:01,930 - pipeline - INFO - 
======================================================================
2026-04-10 19:16:01,934 - pipeline - INFO -  PIPELINE FRAMEWORK READY
2026-04-10 19:16:01,934 - pipeline - INFO - ======================================================================
2026-04-10 19:16:01,935 - pipeline - INFO - 
Team members: Implement your modules in the scripts/ folder:
2026-04-10 19:16:01,935 - pipeline - INFO -   - Prashansa: done
2026-04-10 19:16:01,935 - pipeline - INFO -   - Aniket: scripts/feature_engineering.py
2026-04-10 19:16:01,935 - pipeline - INFO -   - Flavia: scripts/model_training.py
2026-04-10 19:16:23,392 - pipeline - INFO - ======================================================================
2026-04-10 19:16:23,392 - pipeline - INFO -  RECOMART MASTER PIPELINE STARTED
2026-04-10 19:16:23,392 - pipeline - INFO - ======================================================================
2026-04-10 19:16:23,392 - pipeline - INFO - 
 STEP 1: Data Ingestion (Shankar)
2026-04-10 19:16:23,392 - pipeline - INFO - ----------------------------------------------------------------------
2026-04-10 19:16:23,507 - pipeline - INFO - Ingestion completed successfully
2026-04-10 19:16:23,508 - pipeline - INFO - 
 STEP 2: Data Processing & Validation (Prashansa)
2026-04-10 19:16:23,509 - pipeline - INFO - ----------------------------------------------------------------------
2026-04-10 19:16:25,308 - pipeline - INFO -  Data processing completed successfully
2026-04-10 19:16:25,308 - pipeline - INFO - 
  STEP 3: Feature Engineering (Aniket)
2026-04-10 19:16:25,308 - pipeline - INFO - ----------------------------------------------------------------------
2026-04-10 19:16:25,310 - pipeline - INFO -  Waiting for feature engineering module... (scripts/feature_engineering.py)
2026-04-10 19:16:25,310 - pipeline - INFO - 
 STEP 4: Model Training & Evaluation (Flavia)
2026-04-10 19:16:25,311 - pipeline - INFO - ----------------------------------------------------------------------
2026-04-10 19:16:25,312 - pipeline - INFO -  Waiting for model training module... (scripts/model_training.py)
2026-04-10 19:16:25,313 - pipeline - INFO - 
======================================================================
2026-04-10 19:16:25,313 - pipeline - INFO -  PIPELINE FRAMEWORK READY
2026-04-10 19:16:25,314 - pipeline - INFO - ======================================================================
2026-04-10 19:16:25,314 - pipeline - INFO - 
Team members: Implement your modules in the scripts/ folder:
2026-04-10 19:16:25,314 - pipeline - INFO -   - Prashansa: done
2026-04-10 19:16:25,314 - pipeline - INFO -   - Aniket: scripts/feature_engineering.py
2026-04-10 19:16:25,315 - pipeline - INFO -   - Flavia: scripts/model_training.py
2026-04-10 19:19:25,700 - pipeline - INFO - ======================================================================
2026-04-10 19:19:25,700 - pipeline - INFO -  RECOMART MASTER PIPELINE STARTED
2026-04-10 19:19:25,700 - pipeline - INFO - ======================================================================
2026-04-10 19:19:25,700 - pipeline - INFO - 
 STEP 1: Data Ingestion (Shankar)
2026-04-10 19:19:25,700 - pipeline - INFO - ----------------------------------------------------------------------
2026-04-10 19:19:25,838 - pipeline - INFO - Ingestion completed successfully
2026-04-10 19:19:25,839 - pipeline - INFO - 
 STEP 2: Data Processing & Validation (Prashansa)
2026-04-10 19:19:25,839 - pipeline - INFO - ----------------------------------------------------------------------
2026-04-10 19:19:27,596 - pipeline - INFO -  Data processing completed successfully
2026-04-10 19:19:27,597 - pipeline - INFO - 
  STEP 3: Feature Engineering (Aniket)
2026-04-10 19:19:27,597 - pipeline - INFO - ----------------------------------------------------------------------
2026-04-10 19:19:27,598 - pipeline - INFO -  Waiting for feature engineering module... (scripts/feature_engineering.py)
2026-04-10 19:19:27,598 - pipeline - INFO - 
 STEP 4: Model Training & Evaluation (Flavia)
2026-04-10 19:19:27,599 - pipeline - INFO - ----------------------------------------------------------------------
2026-04-10 19:19:27,599 - pipeline - INFO -  Waiting for model training module... (scripts/model_training.py)
2026-04-10 19:19:27,600 - pipeline - INFO - 
======================================================================
2026-04-10 19:19:27,601 - pipeline - INFO -  PIPELINE FRAMEWORK READY
2026-04-10 19:19:27,601 - pipeline - INFO - ======================================================================
2026-04-10 19:19:27,602 - pipeline - INFO - 
Team members: Implement your modules in the scripts/ folder:
2026-04-10 19:19:27,603 - pipeline - INFO -   - Prashansa: done
2026-04-10 19:19:27,603 - pipeline - INFO -   - Aniket: scripts/feature_engineering.py
2026-04-10 19:19:27,604 - pipeline - INFO -   - Flavia: scripts/model_training.py
2026-04-10 19:21:10,158 - pipeline - INFO - ======================================================================
2026-04-10 19:21:10,158 - pipeline - INFO -  RECOMART MASTER PIPELINE STARTED
2026-04-10 19:21:10,158 - pipeline - INFO - ======================================================================
2026-04-10 19:21:10,158 - pipeline - INFO - 
 STEP 1: Data Ingestion (Shankar)
2026-04-10 19:21:10,158 - pipeline - INFO - ----------------------------------------------------------------------
2026-04-10 19:21:10,283 - pipeline - INFO - Ingestion completed successfully
2026-04-10 19:21:10,283 - pipeline - INFO - 
 STEP 2: Data Processing & Validation (Prashansa)
2026-04-10 19:21:10,284 - pipeline - INFO - ----------------------------------------------------------------------
2026-04-10 19:21:13,787 - pipeline - INFO -  Data processing completed successfully
2026-04-10 19:21:13,787 - pipeline - INFO - 
  STEP 3: Feature Engineering (Aniket)
2026-04-10 19:21:13,787 - pipeline - INFO - ----------------------------------------------------------------------
2026-04-10 19:21:13,787 - pipeline - INFO -  Waiting for feature engineering module... (scripts/feature_engineering.py)
2026-04-10 19:21:13,787 - pipeline - INFO - 
 STEP 4: Model Training & Evaluation (Flavia)
2026-04-10 19:21:13,798 - pipeline - INFO - ----------------------------------------------------------------------
2026-04-10 19:21:13,798 - pipeline - INFO -  Waiting for model training module... (scripts/model_training.py)
2026-04-10 19:21:13,799 - pipeline - INFO - 
======================================================================
2026-04-10 19:21:13,799 - pipeline - INFO -  PIPELINE FRAMEWORK READY
2026-04-10 19:21:13,799 - pipeline - INFO - ======================================================================
2026-04-10 19:21:13,799 - pipeline - INFO - 
Team members: Implement your modules in the scripts/ folder:
2026-04-10 19:21:13,799 - pipeline - INFO -   - Prashansa: done
2026-04-10 19:21:13,799 - pipeline - INFO -   - Aniket: scripts/feature_engineering.py
2026-04-10 19:21:13,799 - pipeline - INFO -   - Flavia: scripts/model_training.py
2026-04-10 19:21:26,561 - pipeline - INFO - ======================================================================
2026-04-10 19:21:26,561 - pipeline - INFO -  RECOMART MASTER PIPELINE STARTED
2026-04-10 19:21:26,561 - pipeline - INFO - ======================================================================
2026-04-10 19:21:26,561 - pipeline - INFO - 
 STEP 1: Data Ingestion (Shankar)
2026-04-10 19:21:26,561 - pipeline - INFO - ----------------------------------------------------------------------
2026-04-10 19:21:26,682 - pipeline - INFO - Ingestion completed successfully
2026-04-10 19:21:26,683 - pipeline - INFO - 
 STEP 2: Data Processing & Validation (Prashansa)
2026-04-10 19:21:26,683 - pipeline - INFO - ----------------------------------------------------------------------
2026-04-10 19:21:28,284 - pipeline - INFO -  Data processing completed successfully
2026-04-10 19:21:28,284 - pipeline - INFO - 
  STEP 3: Feature Engineering (Aniket)
2026-04-10 19:21:28,284 - pipeline - INFO - ----------------------------------------------------------------------
2026-04-10 19:21:28,284 - pipeline - INFO -  Waiting for feature engineering module... (scripts/feature_engineering.py)
2026-04-10 19:21:28,284 - pipeline - INFO - 
 STEP 4: Model Training & Evaluation (Flavia)
2026-04-10 19:21:28,284 - pipeline - INFO - ----------------------------------------------------------------------
2026-04-10 19:21:28,294 - pipeline - INFO -  Waiting for model training module... (scripts/model_training.py)
2026-04-10 19:21:28,294 - pipeline - INFO - 
======================================================================
2026-04-10 19:21:28,295 - pipeline - INFO -  PIPELINE FRAMEWORK READY
2026-04-10 19:21:28,295 - pipeline - INFO - ======================================================================
2026-04-10 19:21:28,295 - pipeline - INFO - 
Team members: Implement your modules in the scripts/ folder:
2026-04-10 19:21:28,295 - pipeline - INFO -   - Prashansa: done
2026-04-10 19:21:28,295 - pipeline - INFO -   - Aniket: scripts/feature_engineering.py
2026-04-10 19:21:28,295 - pipeline - INFO -   - Flavia: scripts/model_training.py
2026-04-10 19:23:37,508 - pipeline - INFO - ======================================================================
2026-04-10 19:23:37,508 - pipeline - INFO -  RECOMART MASTER PIPELINE STARTED
2026-04-10 19:23:37,508 - pipeline - INFO - ======================================================================
2026-04-10 19:23:37,508 - pipeline - INFO - 
 STEP 1: Data Ingestion (Shankar)
2026-04-10 19:23:37,508 - pipeline - INFO - ----------------------------------------------------------------------
2026-04-10 19:23:37,931 - pipeline - INFO - Ingestion completed successfully
2026-04-10 19:23:37,931 - pipeline - INFO - 
 STEP 2: Data Processing & Validation (Prashansa)
2026-04-10 19:23:37,932 - pipeline - INFO - ----------------------------------------------------------------------
2026-04-10 19:23:39,648 - pipeline - INFO - Data processing completed successfully
2026-04-10 19:23:39,648 - pipeline - INFO - 
 STEP 3: Feature Engineering (Aniket)
2026-04-10 19:23:39,648 - pipeline - INFO - ----------------------------------------------------------------------
2026-04-10 19:23:39,732 - pipeline - ERROR - Pipeline failed: Could not convert {'rate': 3.9, 'count': 120}{'rate': 3.9, 'count': 120}{'rate': 3.9, 'count': 120}{'rate': 3.9, 'count': 120}{'rate': 3.9, 'count': 120}{'rate': 3.9, 'count': 120}{'rate': 3.9, 'count': 120}{'rate': 3.9, 'count': 120}{'rate': 3.9, 'count': 120}{'rate': 3.9, 'count': 120}{'rate': 3.9, 'count': 120}{'rate': 3.9, 'count': 120}{'rate': 3.9, 'count': 120}{'rate': 3.9, 'count': 120}{'rate': 3.9, 'count': 120}{'rate': 3.9, 'count': 120}{'rate': 3.9, 'count': 120}{'rate': 3.9, 'count': 120}{'rate': 3.9, 'count': 120}{'rate': 3.9, 'count': 120}{'rate': 3.9, 'count': 120}{'rate': 3.9, 'count': 120}{'rate': 3.9, 'count': 120}{'rate': 3.9, 'count': 120}{'rate': 3.9, 'count': 120}{'rate': 3.9, 'count': 120}{'rate': 3.9, 'count': 120}{'rate': 3.9, 'count': 120}{'rate': 3.9, 'count': 120}{'rate': 3.9, 'count': 120}{'rate': 3.9, 'count': 120}{'rate': 3.9, 'count': 120}{'rate': 3.9, 'count': 120}{'rate': 3.9, 'count': 120}{'rate': 3.9, 'count': 120}{'rate': 3.9, 'count': 120}{'rate': 3.9, 'count': 120}{'rate': 3.9, 'count': 120}{'rate': 3.9, 'count': 120}{'rate': 3.9, 'count': 120}{'rate': 3.9, 'count': 120}{'rate': 3.9, 'count': 120}{'rate': 3.9, 'count': 120}{'rate': 3.9, 'count': 120}{'rate': 3.9, 'count': 120}{'rate': 3.9, 'count': 120}{'rate': 3.9, 'count': 120}{'rate': 3.9, 'count': 120}{'rate': 3.9, 'count': 120}{'rate': 3.9, 'count': 120}{'rate': 3.9, 'count': 120}{'rate': 3.9, 'count': 120}{'rate': 3.9, 'count': 120}{'rate': 3.9, 'count': 120}{'rate': 3.9, 'count': 120}{'rate': 3.9, 'count': 120}{'rate': 3.9, 'count': 120}{'rate': 3.9, 'count': 120}{'rate': 3.9, 'count': 120}{'rate': 3.9, 'count': 120}{'rate': 3.9, 'count': 120}{'rate': 3.9, 'count': 120}{'rate': 3.9, 'count': 120}{'rate': 3.9, 'count': 120}{'rate': 3.9, 'count': 120}{'rate': 3.9, 'count': 120}{'rate': 3.9, 'count': 120}{'rate': 3.9, 'count': 120}{'rate': 3.9, 'count': 120}{'rate': 3.9, 'count': 120}{'rate': 3.9, 'count': 120}{'rate': 3.9, 'count': 120}{'rate': 3.9, 'count': 120}{'rate': 3.9, 'count': 120}{'rate': 3.9, 'count': 120}{'rate': 3.9, 'count': 120}{'rate': 3.9, 'count': 120}{'rate': 3.9, 'count': 120}{'rate': 3.9, 'count': 120}{'rate': 3.9, 'count': 120}{'rate': 3.9, 'count': 120}{'rate': 3.9, 'count': 120}{'rate': 3.9, 'count': 120}{'rate': 3.9, 'count': 120}{'rate': 3.9, 'count': 120}{'rate': 3.9, 'count': 120}{'rate': 3.9, 'count': 120}{'rate': 3.9, 'count': 120}{'rate': 3.9, 'count': 120}{'rate': 3.9, 'count': 120}{'rate': 3.9, 'count': 120}{'rate': 3.9, 'count': 120}{'rate': 3.9, 'count': 120}{'rate': 3.9, 'count': 120}{'rate': 3.9, 'count': 120}{'rate': 3.9, 'count': 120}{'rate': 3.9, 'count': 120}{'rate': 3.9, 'count': 120}{'rate': 3.9, 'count': 120}{'rate': 3.9, 'count': 120}{'rate': 3.9, 'count': 120}{'rate': 3.9, 'count': 120}{'rate': 3.9, 'count': 120}{'rate': 3.9, 'count': 120}{'rate': 3.9, 'count': 120}{'rate': 3.9, 'count': 120}{'rate': 3.9, 'count': 120}{'rate': 3.9, 'count': 120}{'rate': 3.9, 'count': 120}{'rate': 3.9, 'count': 120}{'rate': 3.9, 'count': 120}{'rate': 3.9, 'count': 120}{'rate': 3.9, 'count': 120}{'rate': 3.9, 'count': 120}{'rate': 3.9, 'count': 120}{'rate': 3.9, 'count': 120}{'rate': 3.9, 'count': 120}{'rate': 3.9, 'count': 120}{'rate': 3.9, 'count': 120}{'rate': 3.9, 'count': 120}{'rate': 3.9, 'count': 120}{'rate': 3.9, 'count': 120}{'rate': 3.9, 'count': 120}{'rate': 3.9, 'count': 120}{'rate': 3.9, 'count': 120}{'rate': 3.9, 'count': 120}{'rate': 3.9, 'count': 120}{'rate': 3.9, 'count': 120}{'rate': 3.9, 'count': 120}{'rate': 3.9, 'count': 120}{'rate': 3.9, 'count': 120}{'rate': 3.9, 'count': 120}{'rate': 3.9, 'count': 120}{'rate': 3.9, 'count': 120}{'rate': 3.9, 'count': 120}{'rate': 3.9, 'count': 120}{'rate': 3.9, 'count': 120}{'rate': 3.9, 'count': 120}{'rate': 3.9, 'count': 120}{'rate': 3.9, 'count': 120}{'rate': 3.9, 'count': 120}{'rate': 3.9, 'count': 120}{'rate': 3.9, 'count': 120}{'rate': 3.9, 'count': 120}{'rate': 3.9, 'count': 120}{'rate': 3.9, 'count': 120}{'rate': 3.9, 'count': 120}{'rate': 3.9, 'count': 120}{'rate': 3.9, 'count': 120}{'rate': 3.9, 'count': 120}{'rate': 3.9, 'count': 120}{'rate': 3.9, 'count': 120}{'rate': 3.9, 'count': 120}{'rate': 3.9, 'count': 120}{'rate': 3.9, 'count': 120}{'rate': 3.9, 'count': 120}{'rate': 3.9, 'count': 120}{'rate': 3.9, 'count': 120}{'rate': 3.9, 'count': 120}{'rate': 3.9, 'count': 120}{'rate': 3.9, 'count': 120}{'rate': 3.9, 'count': 120}{'rate': 3.9, 'count': 120}{'rate': 3.9, 'count': 120}{'rate': 3.9, 'count': 120}{'rate': 3.9, 'count': 120}{'rate': 3.9, 'count': 120}{'rate': 3.9, 'count': 120}{'rate': 3.9, 'count': 120}{'rate': 3.9, 'count': 120}{'rate': 3.9, 'count': 120}{'rate': 3.9, 'count': 120}{'rate': 3.9, 'count': 120}{'rate': 3.9, 'count': 120}{'rate': 3.9, 'count': 120}{'rate': 3.9, 'count': 120}{'rate': 3.9, 'count': 120}{'rate': 3.9, 'count': 120}{'rate': 3.9, 'count': 120}{'rate': 3.9, 'count': 120}{'rate': 3.9, 'count': 120}{'rate': 3.9, 'count': 120}{'rate': 3.9, 'count': 120}{'rate': 3.9, 'count': 120}{'rate': 3.9, 'count': 120}{'rate': 3.9, 'count': 120}{'rate': 3.9, 'count': 120}{'rate': 3.9, 'count': 120}{'rate': 3.9, 'count': 120}{'rate': 3.9, 'count': 120}{'rate': 3.9, 'count': 120}{'rate': 3.9, 'count': 120}{'rate': 3.9, 'count': 120}{'rate': 3.9, 'count': 120}{'rate': 3.9, 'count': 120}{'rate': 3.9, 'count': 120}{'rate': 3.9, 'count': 120}{'rate': 3.9, 'count': 120}{'rate': 3.9, 'count': 120}{'rate': 3.9, 'count': 120}{'rate': 3.9, 'count': 120}{'rate': 3.9, 'count': 120}{'rate': 3.9, 'count': 120}{'rate': 3.9, 'count': 120}{'rate': 3.9, 'count': 120}{'rate': 3.9, 'count': 120}{'rate': 3.9, 'count': 120}{'rate': 3.9, 'count': 120}{'rate': 3.9, 'count': 120}{'rate': 3.9, 'count': 120}{'rate': 3.9, 'count': 120}{'rate': 3.9, 'count': 120}{'rate': 3.9, 'count': 120}{'rate': 3.9, 'count': 120}{'rate': 3.9, 'count': 120}{'rate': 3.9, 'count': 120}{'rate': 3.9, 'count': 120}{'rate': 3.9, 'count': 120}{'rate': 3.9, 'count': 120}{'rate': 3.9, 'count': 120}{'rate': 3.9, 'count': 120}{'rate': 3.9, 'count': 120}{'rate': 3.9, 'count': 120}{'rate': 3.9, 'count': 120}{'rate': 3.9, 'count': 120}{'rate': 3.9, 'count': 120}{'rate': 3.9, 'count': 120}{'rate': 3.9, 'count': 120}{'rate': 3.9, 'count': 120}{'rate': 3.9, 'count': 120}{'rate': 3.9, 'count': 120}{'rate': 3.9, 'count': 120}{'rate': 3.9, 'count': 120}{'rate': 3.9, 'count': 120}{'rate': 3.9, 'count': 120}{'rate': 3.9, 'count': 120}{'rate': 3.9, 'count': 120}{'rate': 3.9, 'count': 120}{'rate': 3.9, 'count': 120}{'rate': 3.9, 'count': 120}{'rate': 3.9, 'count': 120}{'rate': 3.9, 'count': 120}{'rate': 3.9, 'count': 120}{'rate': 3.9, 'count': 120}{'rate': 3.9, 'count': 120}{'rate': 3.9, 'count': 120}{'rate': 3.9, 'count': 120}{'rate': 3.9, 'count': 120}{'rate': 3.9, 'count': 120}{'rate': 3.9, 'count': 120}{'rate': 3.9, 'count': 120}{'rate': 3.9, 'count': 120}{'rate': 3.9, 'count': 120}{'rate': 3.9, 'count': 120}{'rate': 3.9, 'count': 120}{'rate': 3.9, 'count': 120}{'rate': 3.9, 'count': 120}{'rate': 3.9, 'count': 120}{'rate': 3.9, 'count': 120}{'rate': 3.9, 'count': 120}{'rate': 3.9, 'count': 120}{'rate': 3.9, 'count': 120}{'rate': 3.9, 'count': 120}{'rate': 3.9, 'count': 120}{'rate': 3.9, 'count': 120}{'rate': 3.9, 'count': 120}{'rate': 3.9, 'count': 120}{'rate': 3.9, 'count': 120}{'rate': 3.9, 'count': 120}{'rate': 3.9, 'count': 120}{'rate': 3.9, 'count': 120}{'rate': 3.9, 'count': 120}{'rate': 3.9, 'count': 120}{'rate': 3.9, 'count': 120}{'rate': 3.9, 'count': 120}{'rate': 3.9, 'count': 120}{'rate': 3.9, 'count': 120}{'rate': 3.9, 'count': 120}{'rate': 3.9, 'count': 120}{'rate': 3.9, 'count': 120}{'rate': 3.9, 'count': 120}{'rate': 3.9, 'count': 120}{'rate': 3.9, 'count': 120}{'rate': 3.9, 'count': 120}{'rate': 3.9, 'count': 120}{'rate': 3.9, 'count': 120}{'rate': 3.9, 'count': 120}{'rate': 3.9, 'count': 120}{'rate': 3.9, 'count': 120}{'rate': 3.9, 'count': 120}{'rate': 3.9, 'count': 120}{'rate': 3.9, 'count': 120}{'rate': 3.9, 'count': 120}{'rate': 3.9, 'count': 120}{'rate': 3.9, 'count': 120}{'rate': 3.9, 'count': 120}{'rate': 3.9, 'count': 120}{'rate': 3.9, 'count': 120}{'rate': 3.9, 'count': 120}{'rate': 3.9, 'count': 120}{'rate': 3.9, 'count': 120}{'rate': 3.9, 'count': 120}{'rate': 3.9, 'count': 120}{'rate': 3.9, 'count': 120}{'rate': 3.9, 'count': 120}{'rate': 3.9, 'count': 120}{'rate': 3.9, 'count': 120}{'rate': 3.9, 'count': 120}{'rate': 3.9, 'count': 120}{'rate': 3.9, 'count': 120}{'rate': 3.9, 'count': 120}{'rate': 3.9, 'count': 120}{'rate': 3.9, 'count': 120}{'rate': 3.9, 'count': 120}{'rate': 3.9, 'count': 120}{'rate': 3.9, 'count': 120}{'rate': 3.9, 'count': 120}{'rate': 3.9, 'count': 120}{'rate': 3.9, 'count': 120}{'rate': 3.9, 'count': 120}{'rate': 3.9, 'count': 120}{'rate': 3.9, 'count': 120}{'rate': 3.9, 'count': 120}{'rate': 3.9, 'count': 120}{'rate': 3.9, 'count': 120}{'rate': 3.9, 'count': 120}{'rate': 3.9, 'count': 120}{'rate': 3.9, 'count': 120}{'rate': 3.9, 'count': 120}{'rate': 3.9, 'count': 120}{'rate': 3.9, 'count': 120}{'rate': 3.9, 'count': 120}{'rate': 3.9, 'count': 120}{'rate': 3.9, 'count': 120}{'rate': 3.9, 'count': 120}{'rate': 3.9, 'count': 120}{'rate': 3.9, 'count': 120}{'rate': 3.9, 'count': 120}{'rate': 3.9, 'count': 120}{'rate': 3.9, 'count': 120}{'rate': 3.9, 'count': 120}{'rate': 3.9, 'count': 120}{'rate': 3.9, 'count': 120}{'rate': 3.9, 'count': 120}{'rate': 3.9, 'count': 120}{'rate': 3.9, 'count': 120}{'rate': 3.9, 'count': 120}{'rate': 3.9, 'count': 120}{'rate': 3.9, 'count': 120}{'rate': 3.9, 'count': 120}{'rate': 3.9, 'count': 120}{'rate': 3.9, 'count': 120}{'rate': 3.9, 'count': 120}{'rate': 3.9, 'count': 120}{'rate': 3.9, 'count': 120}{'rate': 3.9, 'count': 120}{'rate': 3.9, 'count': 120}{'rate': 3.9, 'count': 120}{'rate': 3.9, 'count': 120}{'rate': 3.9, 'count': 120}{'rate': 3.9, 'count': 120}{'rate': 3.9, 'count': 120}{'rate': 3.9, 'count': 120}{'rate': 3.9, 'count': 120}{'rate': 3.9, 'count': 120}{'rate': 3.9, 'count': 120}{'rate': 3.9, 'count': 120}{'rate': 3.9, 'count': 120}{'rate': 3.9, 'count': 120}{'rate': 3.9, 'count': 120}{'rate': 3.9, 'count': 120}{'rate': 3.9, 'count': 120}{'rate': 3.9, 'count': 120}{'rate': 3.9, 'count': 120}{'rate': 3.9, 'count': 120}{'rate': 3.9, 'count': 120}{'rate': 3.9, 'count': 120}{'rate': 3.9, 'count': 120}{'rate': 3.9, 'count': 120}{'rate': 3.9, 'count': 120}{'rate': 3.9, 'count': 120}{'rate': 3.9, 'count': 120}{'rate': 3.9, 'count': 120}{'rate': 3.9, 'count': 120}{'rate': 3.9, 'count': 120}{'rate': 3.9, 'count': 120}{'rate': 3.9, 'count': 120}{'rate': 3.9, 'count': 120}{'rate': 3.9, 'count': 120}{'rate': 3.9, 'count': 120}{'rate': 3.9, 'count': 120}{'rate': 3.9, 'count': 120}{'rate': 3.9, 'count': 120}{'rate': 3.9, 'count': 120}{'rate': 3.9, 'count': 120}{'rate': 3.9, 'count': 120}{'rate': 3.9, 'count': 120}{'rate': 3.9, 'count': 120}{'rate': 3.9, 'count': 120}{'rate': 3.9, 'count': 120}{'rate': 3.9, 'count': 120}{'rate': 3.9, 'count': 120}{'rate': 3.9, 'count': 120}{'rate': 3.9, 'count': 120}{'rate': 3.9, 'count': 120}{'rate': 3.9, 'count': 120}{'rate': 3.9, 'count': 120}{'rate': 3.9, 'count': 120}{'rate': 3.9, 'count': 120}{'rate': 3.9, 'count': 120}{'rate': 3.9, 'count': 120}{'rate': 3.9, 'count': 120}{'rate': 3.9, 'count': 120}{'rate': 3.9, 'count': 120}{'rate': 3.9, 'count': 120}{'rate': 3.9, 'count': 120}{'rate': 3.9, 'count': 120}{'rate': 3.9, 'count': 120}{'rate': 3.9, 'count': 120}{'rate': 3.9, 'count': 120}{'rate': 3.9, 'count': 120}{'rate': 3.9, 'count': 120}{'rate': 3.9, 'count': 120}{'rate': 3.9, 'count': 120}{'rate': 3.9, 'count': 120}{'rate': 3.9, 'count': 120}{'rate': 3.9, 'count': 120}{'rate': 3.9, 'count': 120}{'rate': 3.9, 'count': 120}{'rate': 3.9, 'count': 120}{'rate': 3.9, 'count': 120}{'rate': 3.9, 'count': 120}{'rate': 3.9, 'count': 120}{'rate': 3.9, 'count': 120}{'rate': 3.9, 'count': 120}{'rate': 3.9, 'count': 120}{'rate': 3.9, 'count': 120}{'rate': 3.9, 'count': 120}{'rate': 3.9, 'count': 120}{'rate': 3.9, 'count': 120}{'rate': 3.9, 'count': 120}{'rate': 3.9, 'count': 120}{'rate': 3.9, 'count': 120}{'rate': 3.9, 'count': 120}{'rate': 3.9, 'count': 120}{'rate': 3.9, 'count': 120}{'rate': 3.9, 'count': 120}{'rate': 3.9, 'count': 120}{'rate': 3.9, 'count': 120}{'rate': 3.9, 'count': 120}{'rate': 3.9, 'count': 120}{'rate': 3.9, 'count': 120}{'rate': 3.9, 'count': 120}{'rate': 3.9, 'count': 120}{'rate': 3.9, 'count': 120}{'rate': 3.9, 'count': 120}{'rate': 3.9, 'count': 120}{'rate': 3.9, 'count': 120}{'rate': 3.9, 'count': 120}{'rate': 3.9, 'count': 120}{'rate': 3.9, 'count': 120}{'rate': 3.9, 'count': 120}{'rate': 3.9, 'count': 120}{'rate': 3.9, 'count': 120}{'rate': 3.9, 'count': 120}{'rate': 3.9, 'count': 120}{'rate': 3.9, 'count': 120}{'rate': 3.9, 'count': 120}{'rate': 3.9, 'count': 120}{'rate': 3.9, 'count': 120}{'rate': 3.9, 'count': 120}{'rate': 3.9, 'count': 120}{'rate': 3.9, 'count': 120}{'rate': 3.9, 'count': 120}{'rate': 3.9, 'count': 120}{'rate': 3.9, 'count': 120}{'rate': 3.9, 'count': 120}{'rate': 3.9, 'count': 120}{'rate': 3.9, 'count': 120}{'rate': 3.9, 'count': 120}{'rate': 3.9, 'count': 120}{'rate': 3.9, 'count': 120}{'rate': 3.9, 'count': 120}{'rate': 3.9, 'count': 120}{'rate': 3.9, 'count': 120}{'rate': 3.9, 'count': 120}{'rate': 3.9, 'count': 120}{'rate': 3.9, 'count': 120}{'rate': 3.9, 'count': 120}{'rate': 3.9, 'count': 120}{'rate': 3.9, 'count': 120}{'rate': 3.9, 'count': 120}{'rate': 3.9, 'count': 120}{'rate': 3.9, 'count': 120}{'rate': 3.9, 'count': 120}{'rate': 3.9, 'count': 120}{'rate': 3.9, 'count': 120}{'rate': 3.9, 'count': 120}{'rate': 3.9, 'count': 120}{'rate': 3.9, 'count': 120}{'rate': 3.9, 'count': 120}{'rate': 3.9, 'count': 120}{'rate': 3.9, 'count': 120}{'rate': 3.9, 'count': 120}{'rate': 3.9, 'count': 120}{'rate': 3.9, 'count': 120}{'rate': 3.9, 'count': 120}{'rate': 3.9, 'count': 120}{'rate': 3.9, 'count': 120}{'rate': 3.9, 'count': 120}{'rate': 3.9, 'count': 120}{'rate': 3.9, 'count': 120}{'rate': 3.9, 'count': 120}{'rate': 3.9, 'count': 120}{'rate': 3.9, 'count': 120}{'rate': 3.9, 'count': 120}{'rate': 3.9, 'count': 120}{'rate': 3.9, 'count': 120}{'rate': 3.9, 'count': 120}{'rate': 3.9, 'count': 120}{'rate': 3.9, 'count': 120}{'rate': 3.9, 'count': 120}{'rate': 3.9, 'count': 120}{'rate': 3.9, 'count': 120}{'rate': 3.9, 'count': 120}{'rate': 3.9, 'count': 120}{'rate': 3.9, 'count': 120}{'rate': 3.9, 'count': 120}{'rate': 3.9, 'count': 120}{'rate': 3.9, 'count': 120}{'rate': 3.9, 'count': 120}{'rate': 3.9, 'count': 120}{'rate': 3.9, 'count': 120}{'rate': 3.9, 'count': 120}{'rate': 3.9, 'count': 120}{'rate': 3.9, 'count': 120}{'rate': 3.9, 'count': 120}{'rate': 3.9, 'count': 120}{'rate': 3.9, 'count': 120}{'rate': 3.9, 'count': 120}{'rate': 3.9, 'count': 120}{'rate': 3.9, 'count': 120}{'rate': 3.9, 'count': 120}{'rate': 3.9, 'count': 120}{'rate': 3.9, 'count': 120}{'rate': 3.9, 'count': 120}{'rate': 3.9, 'count': 120}{'rate': 3.9, 'count': 120}{'rate': 3.9, 'count': 120}{'rate': 3.9, 'count': 120}{'rate': 3.9, 'count': 120}{'rate': 3.9, 'count': 120}{'rate': 3.9, 'count': 120}{'rate': 3.9, 'count': 120}{'rate': 3.9, 'count': 120}{'rate': 3.9, 'count': 120}{'rate': 3.9, 'count': 120}{'rate': 3.9, 'count': 120}{'rate': 3.9, 'count': 120}{'rate': 3.9, 'count': 120}{'rate': 3.9, 'count': 120}{'rate': 3.9, 'count': 120}{'rate': 3.9, 'count': 120}{'rate': 3.9, 'count': 120}{'rate': 3.9, 'count': 120}{'rate': 3.9, 'count': 120}{'rate': 3.9, 'count': 120}{'rate': 3.9, 'count': 120}{'rate': 3.9, 'count': 120}{'rate': 3.9, 'count': 120}{'rate': 3.9, 'count': 120}{'rate': 3.9, 'count': 120}{'rate': 3.9, 'count': 120}{'rate': 3.9, 'count': 120}{'rate': 3.9, 'count': 120}{'rate': 3.9, 'count': 120}{'rate': 3.9, 'count': 120}{'rate': 3.9, 'count': 120}{'rate': 3.9, 'count': 120}{'rate': 3.9, 'count': 120}{'rate': 3.9, 'count': 120}{'rate': 3.9, 'count': 120}{'rate': 3.9, 'count': 120}{'rate': 3.9, 'count': 120}{'rate': 3.9, 'count': 120}{'rate': 3.9, 'count': 120}{'rate': 3.9, 'count': 120}{'rate': 3.9, 'count': 120}{'rate': 3.9, 'count': 120}{'rate': 3.9, 'count': 120}{'rate': 3.9, 'count': 120}{'rate': 3.9, 'count': 120}{'rate': 3.9, 'count': 120}{'rate': 3.9, 'count': 120}{'rate': 3.9, 'count': 120}{'rate': 3.9, 'count': 120}{'rate': 3.9, 'count': 120}{'rate': 3.9, 'count': 120}{'rate': 3.9, 'count': 120}{'rate': 3.9, 'count': 120}{'rate': 3.9, 'count': 120}{'rate': 3.9, 'count': 120}{'rate': 3.9, 'count': 120}{'rate': 3.9, 'count': 120}{'rate': 3.9, 'count': 120}{'rate': 3.9, 'count': 120}{'rate': 3.9, 'count': 120}{'rate': 3.9, 'count': 120}{'rate': 3.9, 'count': 120}{'rate': 3.9, 'count': 120}{'rate': 3.9, 'count': 120}{'rate': 3.9, 'count': 120}{'rate': 3.9, 'count': 120}{'rate': 3.9, 'count': 120}{'rate': 3.9, 'count': 120}{'rate': 3.9, 'count': 120}{'rate': 3.9, 'count': 120}{'rate': 3.9, 'count': 120}{'rate': 3.9, 'count': 120}{'rate': 3.9, 'count': 120}{'rate': 3.9, 'count': 120}{'rate': 3.9, 'count': 120}{'rate': 3.9, 'count': 120}{'rate': 3.9, 'count': 120}{'rate': 3.9, 'count': 120}{'rate': 3.9, 'count': 120}{'rate': 3.9, 'count': 120}{'rate': 3.9, 'count': 120}{'rate': 3.9, 'count': 120}{'rate': 3.9, 'count': 120}{'rate': 3.9, 'count': 120}{'rate': 3.9, 'count': 120}{'rate': 3.9, 'count': 120}{'rate': 3.9, 'count': 120}{'rate': 3.9, 'count': 120}{'rate': 3.9, 'count': 120}{'rate': 3.9, 'count': 120}{'rate': 3.9, 'count': 120}{'rate': 3.9, 'count': 120}{'rate': 3.9, 'count': 120}{'rate': 3.9, 'count': 120}{'rate': 3.9, 'count': 120}{'rate': 3.9, 'count': 120}{'rate': 3.9, 'count': 120}{'rate': 3.9, 'count': 120}{'rate': 3.9, 'count': 120}{'rate': 3.9, 'count': 120}{'rate': 3.9, 'count': 120}{'rate': 3.9, 'count': 120}{'rate': 3.9, 'count': 120}{'rate': 3.9, 'count': 120}{'rate': 3.9, 'count': 120}{'rate': 3.9, 'count': 120}{'rate': 3.9, 'count': 120}{'rate': 3.9, 'count': 120}{'rate': 3.9, 'count': 120}{'rate': 3.9, 'count': 120}{'rate': 3.9, 'count': 120}{'rate': 3.9, 'count': 120}{'rate': 3.9, 'count': 120}{'rate': 3.9, 'count': 120}{'rate': 3.9, 'count': 120}{'rate': 3.9, 'count': 120}{'rate': 3.9, 'count': 120}{'rate': 3.9, 'count': 120}{'rate': 3.9, 'count': 120}{'rate': 3.9, 'count': 120}{'rate': 3.9, 'count': 120}{'rate': 3.9, 'count': 120}{'rate': 3.9, 'count': 120}{'rate': 3.9, 'count': 120}{'rate': 3.9, 'count': 120}{'rate': 3.9, 'count': 120}{'rate': 3.9, 'count': 120}{'rate': 3.9, 'count': 120}{'rate': 3.9, 'count': 120}{'rate': 3.9, 'count': 120}{'rate': 3.9, 'count': 120}{'rate': 3.9, 'count': 120}{'rate': 3.9, 'count': 120}{'rate': 3.9, 'count': 120}{'rate': 3.9, 'count': 120}{'rate': 3.9, 'count': 120}{'rate': 3.9, 'count': 120}{'rate': 3.9, 'count': 120}{'rate': 3.9, 'count': 120}{'rate': 3.9, 'count': 120}{'rate': 3.9, 'count': 120}{'rate': 3.9, 'count': 120}{'rate': 3.9, 'count': 120}{'rate': 3.9, 'count': 120}{'rate': 3.9, 'count': 120}{'rate': 3.9, 'count': 120}{'rate': 3.9, 'count': 120}{'rate': 3.9, 'count': 120}{'rate': 3.9, 'count': 120}{'rate': 3.9, 'count': 120}{'rate': 3.9, 'count': 120}{'rate': 3.9, 'count': 120}{'rate': 3.9, 'count': 120}{'rate': 3.9, 'count': 120}{'rate': 3.9, 'count': 120}{'rate': 3.9, 'count': 120}{'rate': 3.9, 'count': 120}{'rate': 3.9, 'count': 120}{'rate': 3.9, 'count': 120}{'rate': 3.9, 'count': 120}{'rate': 3.9, 'count': 120}{'rate': 3.9, 'count': 120}{'rate': 3.9, 'count': 120}{'rate': 3.9, 'count': 120}{'rate': 3.9, 'count': 120}{'rate': 3.9, 'count': 120}{'rate': 3.9, 'count': 120}{'rate': 3.9, 'count': 120}{'rate': 3.9, 'count': 120}{'rate': 3.9, 'count': 120}{'rate': 3.9, 'count': 120}{'rate': 3.9, 'count': 120}{'rate': 3.9, 'count': 120}{'rate': 3.9, 'count': 120}{'rate': 3.9, 'count': 120}{'rate': 3.9, 'count': 120}{'rate': 3.9, 'count': 120}{'rate': 3.9, 'count': 120}{'rate': 3.9, 'count': 120}{'rate': 3.9, 'count': 120}{'rate': 3.9, 'count': 120}{'rate': 3.9, 'count': 120}{'rate': 3.9, 'count': 120}{'rate': 3.9, 'count': 120}{'rate': 3.9, 'count': 120}{'rate': 3.9, 'count': 120}{'rate': 3.9, 'count': 120}{'rate': 3.9, 'count': 120}{'rate': 3.9, 'count': 120}{'rate': 3.9, 'count': 120}{'rate': 3.9, 'count': 120}{'rate': 3.9, 'count': 120}{'rate': 3.9, 'count': 120}{'rate': 3.9, 'count': 120}{'rate': 3.9, 'count': 120}{'rate': 3.9, 'count': 120}{'rate': 3.9, 'count': 120}{'rate': 3.9, 'count': 120}{'rate': 3.9, 'count': 120}{'rate': 3.9, 'count': 120}{'rate': 3.9, 'count': 120}{'rate': 3.9, 'count': 120}{'rate': 3.9, 'count': 120}{'rate': 3.9, 'count': 120}{'rate': 3.9, 'count': 120}{'rate': 3.9, 'count': 120}{'rate': 3.9, 'count': 120}{'rate': 3.9, 'count': 120}{'rate': 3.9, 'count': 120}{'rate': 3.9, 'count': 120}{'rate': 3.9, 'count': 120}{'rate': 3.9, 'count': 120}{'rate': 3.9, 'count': 120}{'rate': 3.9, 'count': 120}{'rate': 3.9, 'count': 120}{'rate': 3.9, 'count': 120}{'rate': 3.9, 'count': 120}{'rate': 3.9, 'count': 120}{'rate': 3.9, 'count': 120}{'rate': 3.9, 'count': 120}{'rate': 3.9, 'count': 120}{'rate': 3.9, 'count': 120}{'rate': 3.9, 'count': 120}{'rate': 3.9, 'count': 120}{'rate': 3.9, 'count': 120}{'rate': 3.9, 'count': 120}{'rate': 3.9, 'count': 120}{'rate': 3.9, 'count': 120}{'rate': 3.9, 'count': 120}{'rate': 3.9, 'count': 120}{'rate': 3.9, 'count': 120}{'rate': 3.9, 'count': 120}{'rate': 3.9, 'count': 120}{'rate': 3.9, 'count': 120}{'rate': 3.9, 'count': 120}{'rate': 3.9, 'count': 120}{'rate': 3.9, 'count': 120}{'rate': 3.9, 'count': 120}{'rate': 3.9, 'count': 120}{'rate': 3.9, 'count': 120}{'rate': 3.9, 'count': 120}{'rate': 3.9, 'count': 120}{'rate': 3.9, 'count': 120}{'rate': 3.9, 'count': 120}{'rate': 3.9, 'count': 120}{'rate': 3.9, 'count': 120}{'rate': 3.9, 'count': 120}{'rate': 3.9, 'count': 120}{'rate': 3.9, 'count': 120}{'rate': 3.9, 'count': 120}{'rate': 3.9, 'count': 120}{'rate': 3.9, 'count': 120}{'rate': 3.9, 'count': 120}{'rate': 3.9, 'count': 120}{'rate': 3.9, 'count': 120}{'rate': 3.9, 'count': 120}{'rate': 3.9, 'count': 120}{'rate': 3.9, 'count': 120}{'rate': 3.9, 'count': 120}{'rate': 3.9, 'count': 120}{'rate': 3.9, 'count': 120}{'rate': 3.9, 'count': 120}{'rate': 3.9, 'count': 120}{'rate': 3.9, 'count': 120}{'rate': 3.9, 'count': 120}{'rate': 3.9, 'count': 120}{'rate': 3.9, 'count': 120}{'rate': 3.9, 'count': 120}{'rate': 3.9, 'count': 120}{'rate': 3.9, 'count': 120}{'rate': 3.9, 'count': 120}{'rate': 3.9, 'count': 120}{'rate': 3.9, 'count': 120}{'rate': 3.9, 'count': 120}{'rate': 3.9, 'count': 120}{'rate': 3.9, 'count': 120}{'rate': 3.9, 'count': 120}{'rate': 3.9, 'count': 120}{'rate': 3.9, 'count': 120}{'rate': 3.9, 'count': 120}{'rate': 3.9, 'count': 120}{'rate': 3.9, 'count': 120}{'rate': 3.9, 'count': 120}{'rate': 3.9, 'count': 120}{'rate': 3.9, 'count': 120}{'rate': 3.9, 'count': 120}{'rate': 3.9, 'count': 120}{'rate': 3.9, 'count': 120}{'rate': 3.9, 'count': 120}{'rate': 3.9, 'count': 120}{'rate': 3.9, 'count': 120}{'rate': 3.9, 'count': 120}{'rate': 3.9, 'count': 120}{'rate': 3.9, 'count': 120}{'rate': 3.9, 'count': 120}{'rate': 3.9, 'count': 120}{'rate': 3.9, 'count': 120}{'rate': 3.9, 'count': 120}{'rate': 3.9, 'count': 120}{'rate': 3.9, 'count': 120}{'rate': 3.9, 'count': 120}{'rate': 3.9, 'count': 120}{'rate': 3.9, 'count': 120}{'rate': 3.9, 'count': 120}{'rate': 3.9, 'count': 120}{'rate': 3.9, 'count': 120}{'rate': 3.9, 'count': 120}{'rate': 3.9, 'count': 120}{'rate': 3.9, 'count': 120}{'rate': 3.9, 'count': 120}{'rate': 3.9, 'count': 120}{'rate': 3.9, 'count': 120}{'rate': 3.9, 'count': 120}{'rate': 3.9, 'count': 120}{'rate': 3.9, 'count': 120}{'rate': 3.9, 'count': 120}{'rate': 3.9, 'count': 120}{'rate': 3.9, 'count': 120}{'rate': 3.9, 'count': 120}{'rate': 3.9, 'count': 120}{'rate': 3.9, 'count': 120}{'rate': 3.9, 'count': 120}{'rate': 3.9, 'count': 120}{'rate': 3.9, 'count': 120}{'rate': 3.9, 'count': 120}{'rate': 3.9, 'count': 120}{'rate': 3.9, 'count': 120}{'rate': 3.9, 'count': 120}{'rate': 3.9, 'count': 120}{'rate': 3.9, 'count': 120}{'rate': 3.9, 'count': 120}{'rate': 3.9, 'count': 120}{'rate': 3.9, 'count': 120}{'rate': 3.9, 'count': 120}{'rate': 3.9, 'count': 120}{'rate': 3.9, 'count': 120}{'rate': 3.9, 'count': 120}{'rate': 3.9, 'count': 120}{'rate': 3.9, 'count': 120}{'rate': 3.9, 'count': 120}{'rate': 3.9, 'count': 120}{'rate': 3.9, 'count': 120}{'rate': 3.9, 'count': 120}{'rate': 3.9, 'count': 120}{'rate': 3.9, 'count': 120}{'rate': 3.9, 'count': 120}{'rate': 3.9, 'count': 120}{'rate': 3.9, 'count': 120}{'rate': 3.9, 'count': 120}{'rate': 3.9, 'count': 120}{'rate': 3.9, 'count': 120}{'rate': 3.9, 'count': 120}{'rate': 3.9, 'count': 120}{'rate': 3.9, 'count': 120}{'rate': 3.9, 'count': 120}{'rate': 3.9, 'count': 120}{'rate': 3.9, 'count': 120}{'rate': 3.9, 'count': 120}{'rate': 3.9, 'count': 120}{'rate': 3.9, 'count': 120}{'rate': 3.9, 'count': 120}{'rate': 3.9, 'count': 120}{'rate': 3.9, 'count': 120}{'rate': 3.9, 'count': 120}{'rate': 3.9, 'count': 120}{'rate': 3.9, 'count': 120}{'rate': 3.9, 'count': 120}{'rate': 3.9, 'count': 120}{'rate': 3.9, 'count': 120}{'rate': 3.9, 'count': 120}{'rate': 3.9, 'count': 120}{'rate': 3.9, 'count': 120}{'rate': 3.9, 'count': 120}{'rate': 3.9, 'count': 120}{'rate': 3.9, 'count': 120}{'rate': 3.9, 'count': 120}{'rate': 3.9, 'count': 120}{'rate': 3.9, 'count': 120}{'rate': 3.9, 'count': 120}{'rate': 3.9, 'count': 120}{'rate': 3.9, 'count': 120}{'rate': 3.9, 'count': 120}{'rate': 3.9, 'count': 120}{'rate': 3.9, 'count': 120}{'rate': 3.9, 'count': 120}{'rate': 3.9, 'count': 120}{'rate': 3.9, 'count': 120}{'rate': 3.9, 'count': 120}{'rate': 3.9, 'count': 120}{'rate': 3.9, 'count': 120}{'rate': 3.9, 'count': 120}{'rate': 3.9, 'count': 120}{'rate': 3.9, 'count': 120}{'rate': 3.9, 'count': 120}{'rate': 3.9, 'count': 120}{'rate': 3.9, 'count': 120}{'rate': 3.9, 'count': 120}{'rate': 3.9, 'count': 120}{'rate': 3.9, 'count': 120}{'rate': 3.9, 'count': 120}{'rate': 3.9, 'count': 120}{'rate': 3.9, 'count': 120}{'rate': 3.9, 'count': 120}{'rate': 3.9, 'count': 120}{'rate': 3.9, 'count': 120}{'rate': 3.9, 'count': 120}{'rate': 3.9, 'count': 120}{'rate': 3.9, 'count': 120}{'rate': 3.9, 'count': 120}{'rate': 3.9, 'count': 120}{'rate': 3.9, 'count': 120}{'rate': 3.9, 'count': 120}{'rate': 3.9, 'count': 120}{'rate': 3.9, 'count': 120}{'rate': 3.9, 'count': 120}{'rate': 3.9, 'count': 120}{'rate': 3.9, 'count': 120}{'rate': 3.9, 'count': 120}{'rate': 3.9, 'count': 120}{'rate': 3.9, 'count': 120}{'rate': 3.9, 'count': 120}{'rate': 3.9, 'count': 120}{'rate': 3.9, 'count': 120}{'rate': 3.9, 'count': 120}{'rate': 3.9, 'count': 120}{'rate': 3.9, 'count': 120}{'rate': 3.9, 'count': 120}{'rate': 3.9, 'count': 120}{'rate': 3.9, 'count': 120}{'rate': 3.9, 'count': 120}{'rate': 3.9, 'count': 120}{'rate': 3.9, 'count': 120}{'rate': 3.9, 'count': 120}{'rate': 3.9, 'count': 120}{'rate': 3.9, 'count': 120}{'rate': 3.9, 'count': 120}{'rate': 3.9, 'count': 120}{'rate': 3.9, 'count': 120}{'rate': 3.9, 'count': 120}{'rate': 3.9, 'count': 120}{'rate': 3.9, 'count': 120}{'rate': 3.9, 'count': 120}{'rate': 3.9, 'count': 120}{'rate': 3.9, 'count': 120}{'rate': 3.9, 'count': 120}{'rate': 3.9, 'count': 120}{'rate': 3.9, 'count': 120}{'rate': 3.9, 'count': 120}{'rate': 3.9, 'count': 120}{'rate': 3.9, 'count': 120}{'rate': 3.9, 'count': 120}{'rate': 3.9, 'count': 120}{'rate': 3.9, 'count': 120}{'rate': 3.9, 'count': 120}{'rate': 3.9, 'count': 120}{'rate': 3.9, 'count': 120}{'rate': 3.9, 'count': 120}{'rate': 3.9, 'count': 120}{'rate': 3.9, 'count': 120}{'rate': 3.9, 'count': 120}{'rate': 3.9, 'count': 120}{'rate': 3.9, 'count': 120}{'rate': 3.9, 'count': 120}{'rate': 3.9, 'count': 120}{'rate': 3.9, 'count': 120}{'rate': 3.9, 'count': 120}{'rate': 3.9, 'count': 120}{'rate': 3.9, 'count': 120}{'rate': 3.9, 'count': 120}{'rate': 3.9, 'count': 120}{'rate': 3.9, 'count': 120}{'rate': 3.9, 'count': 120}{'rate': 3.9, 'count': 120}{'rate': 3.9, 'count': 120}{'rate': 3.9, 'count': 120}{'rate': 3.9, 'count': 120}{'rate': 3.9, 'count': 120}{'rate': 3.9, 'count': 120}{'rate': 3.9, 'count': 120}{'rate': 3.9, 'count': 120}{'rate': 3.9, 'count': 120}{'rate': 3.9, 'count': 120}{'rate': 3.9, 'count': 120}{'rate': 3.9, 'count': 120}{'rate': 3.9, 'count': 120}{'rate': 3.9, 'count': 120}{'rate': 3.9, 'count': 120}{'rate': 3.9, 'count': 120}{'rate': 3.9, 'count': 120}{'rate': 3.9, 'count': 120}{'rate': 3.9, 'count': 120}{'rate': 3.9, 'count': 120}{'rate': 3.9, 'count': 120}{'rate': 3.9, 'count': 120}{'rate': 3.9, 'count': 120}{'rate': 3.9, 'count': 120}{'rate': 3.9, 'count': 120}{'rate': 3.9, 'count': 120}{'rate': 3.9, 'count': 120}{'rate': 3.9, 'count': 120}{'rate': 3.9, 'count': 120}{'rate': 3.9, 'count': 120}{'rate': 3.9, 'count': 120}{'rate': 3.9, 'count': 120}{'rate': 3.9, 'count': 120}{'rate': 3.9, 'count': 120}{'rate': 3.9, 'count': 120}{'rate': 3.9, 'count': 120}{'rate': 3.9, 'count': 120}{'rate': 3.9, 'count': 120}{'rate': 3.9, 'count': 120}{'rate': 3.9, 'count': 120}{'rate': 3.9, 'count': 120}{'rate': 3.9, 'count': 120}{'rate': 3.9, 'count': 120}{'rate': 3.9, 'count': 120}{'rate': 3.9, 'count': 120}{'rate': 3.9, 'count': 120}{'rate': 3.9, 'count': 120}{'rate': 3.9, 'count': 120}{'rate': 3.9, 'count': 120}{'rate': 3.9, 'count': 120}{'rate': 3.9, 'count': 120}{'rate': 3.9, 'count': 120}{'rate': 3.9, 'count': 120}{'rate': 3.9, 'count': 120}{'rate': 3.9, 'count': 120}{'rate': 3.9, 'count': 120}{'rate': 3.9, 'count': 120}{'rate': 3.9, 'count': 120}{'rate': 3.9, 'count': 120}{'rate': 3.9, 'count': 120}{'rate': 3.9, 'count': 120}{'rate': 3.9, 'count': 120}{'rate': 3.9, 'count': 120}{'rate': 3.9, 'count': 120}{'rate': 3.9, 'count': 120}{'rate': 3.9, 'count': 120}{'rate': 3.9, 'count': 120}{'rate': 3.9, 'count': 120}{'rate': 3.9, 'count': 120}{'rate': 3.9, 'count': 120}{'rate': 3.9, 'count': 120}{'rate': 3.9, 'count': 120}{'rate': 3.9, 'count': 120}{'rate': 3.9, 'count': 120}{'rate': 3.9, 'count': 120}{'rate': 3.9, 'count': 120}{'rate': 3.9, 'count': 120}{'rate': 3.9, 'count': 120}{'rate': 3.9, 'count': 120}{'rate': 3.9, 'count': 120}{'rate': 3.9, 'count': 120}{'rate': 3.9, 'count': 120}{'rate': 3.9, 'count': 120}{'rate': 3.9, 'count': 120}{'rate': 3.9, 'count': 120}{'rate': 3.9, 'count': 120}{'rate': 3.9, 'count': 120}{'rate': 3.9, 'count': 120}{'rate': 3.9, 'count': 120}{'rate': 3.9, 'count': 120}{'rate': 3.9, 'count': 120}{'rate': 3.9, 'count': 120}{'rate': 3.9, 'count': 120}{'rate': 3.9, 'count': 120}{'rate': 3.9, 'count': 120}{'rate': 3.9, 'count': 120}{'rate': 3.9, 'count': 120}{'rate': 3.9, 'count': 120}{'rate': 3.9, 'count': 120}{'rate': 3.9, 'count': 120}{'rate': 3.9, 'count': 120}{'rate': 3.9, 'count': 120}{'rate': 3.9, 'count': 120}{'rate': 3.9, 'count': 120}{'rate': 3.9, 'count': 120}{'rate': 3.9, 'count': 120}{'rate': 3.9, 'count': 120}{'rate': 3.9, 'count': 120}{'rate': 3.9, 'count': 120}{'rate': 3.9, 'count': 120}{'rate': 3.9, 'count': 120}{'rate': 3.9, 'count': 120}{'rate': 3.9, 'count': 120}{'rate': 3.9, 'count': 120}{'rate': 3.9, 'count': 120}{'rate': 3.9, 'count': 120}{'rate': 3.9, 'count': 120}{'rate': 3.9, 'count': 120}{'rate': 3.9, 'count': 120}{'rate': 3.9, 'count': 120}{'rate': 3.9, 'count': 120}{'rate': 3.9, 'count': 120}{'rate': 3.9, 'count': 120}{'rate': 3.9, 'count': 120}{'rate': 3.9, 'count': 120}{'rate': 3.9, 'count': 120}{'rate': 3.9, 'count': 120}{'rate': 3.9, 'count': 120}{'rate': 3.9, 'count': 120}{'rate': 3.9, 'count': 120}{'rate': 3.9, 'count': 120}{'rate': 3.9, 'count': 120}{'rate': 3.9, 'count': 120}{'rate': 3.9, 'count': 120}{'rate': 3.9, 'count': 120}{'rate': 3.9, 'count': 120}{'rate': 3.9, 'count': 120}{'rate': 3.9, 'count': 120}{'rate': 3.9, 'count': 120}{'rate': 3.9, 'count': 120}{'rate': 3.9, 'count': 120}{'rate': 3.9, 'count': 120}{'rate': 3.9, 'count': 120}{'rate': 3.9, 'count': 120}{'rate': 3.9, 'count': 120}{'rate': 3.9, 'count': 120}{'rate': 3.9, 'count': 120}{'rate': 3.9, 'count': 120}{'rate': 3.9, 'count': 120}{'rate': 3.9, 'count': 120}{'rate': 3.9, 'count': 120}{'rate': 3.9, 'count': 120}{'rate': 3.9, 'count': 120}{'rate': 3.9, 'count': 120}{'rate': 3.9, 'count': 120}{'rate': 3.9, 'count': 120}{'rate': 3.9, 'count': 120}{'rate': 3.9, 'count': 120}{'rate': 3.9, 'count': 120}{'rate': 3.9, 'count': 120}{'rate': 3.9, 'count': 120}{'rate': 3.9, 'count': 120}{'rate': 3.9, 'count': 120}{'rate': 3.9, 'count': 120}{'rate': 3.9, 'count': 120}{'rate': 3.9, 'count': 120}{'rate': 3.9, 'count': 120}{'rate': 3.9, 'count': 120}{'rate': 3.9, 'count': 120}{'rate': 3.9, 'count': 120}{'rate': 3.9, 'count': 120}{'rate': 3.9, 'count': 120}{'rate': 3.9, 'count': 120}{'rate': 3.9, 'count': 120}{'rate': 3.9, 'count': 120}{'rate': 3.9, 'count': 120}{'rate': 3.9, 'count': 120}{'rate': 3.9, 'count': 120}{'rate': 3.9, 'count': 120}{'rate': 3.9, 'count': 120}{'rate': 3.9, 'count': 120}{'rate': 3.9, 'count': 120}{'rate': 3.9, 'count': 120}{'rate': 3.9, 'count': 120}{'rate': 3.9, 'count': 120}{'rate': 3.9, 'count': 120}{'rate': 3.9, 'count': 120}{'rate': 3.9, 'count': 120}{'rate': 3.9, 'count': 120}{'rate': 3.9, 'count': 120}{'rate': 3.9, 'count': 120}{'rate': 3.9, 'count': 120}{'rate': 3.9, 'count': 120}{'rate': 3.9, 'count': 120}{'rate': 3.9, 'count': 120}{'rate': 3.9, 'count': 120}{'rate': 3.9, 'count': 120}{'rate': 3.9, 'count': 120}{'rate': 3.9, 'count': 120}{'rate': 3.9, 'count': 120}{'rate': 3.9, 'count': 120}{'rate': 3.9, 'count': 120}{'rate': 3.9, 'count': 120}{'rate': 3.9, 'count': 120}{'rate': 3.9, 'count': 120}{'rate': 3.9, 'count': 120}{'rate': 3.9, 'count': 120}{'rate': 3.9, 'count': 120}{'rate': 3.9, 'count': 120}{'rate': 3.9, 'count': 120}{'rate': 3.9, 'count': 120}{'rate': 3.9, 'count': 120}{'rate': 3.9, 'count': 120}{'rate': 3.9, 'count': 120}{'rate': 3.9, 'count': 120}{'rate': 3.9, 'count': 120}{'rate': 3.9, 'count': 120}{'rate': 3.9, 'count': 120}{'rate': 3.9, 'count': 120}{'rate': 3.9, 'count': 120}{'rate': 3.9, 'count': 120}{'rate': 3.9, 'count': 120}{'rate': 3.9, 'count': 120}{'rate': 3.9, 'count': 120}{'rate': 3.9, 'count': 120}{'rate': 3.9, 'count': 120}{'rate': 3.9, 'count': 120}{'rate': 3.9, 'count': 120}{'rate': 3.9, 'count': 120}{'rate': 3.9, 'count': 120}{'rate': 3.9, 'count': 120}{'rate': 3.9, 'count': 120}{'rate': 3.9, 'count': 120}{'rate': 3.9, 'count': 120}{'rate': 3.9, 'count': 120}{'rate': 3.9, 'count': 120}{'rate': 3.9, 'count': 120}{'rate': 3.9, 'count': 120}{'rate': 3.9, 'count': 120}{'rate': 3.9, 'count': 120}{'rate': 3.9, 'count': 120}{'rate': 3.9, 'count': 120}{'rate': 3.9, 'count': 120}{'rate': 3.9, 'count': 120}{'rate': 3.9, 'count': 120}{'rate': 3.9, 'count': 120}{'rate': 3.9, 'count': 120}{'rate': 3.9, 'count': 120}{'rate': 3.9, 'count': 120}{'rate': 3.9, 'count': 120}{'rate': 3.9, 'count': 120}{'rate': 3.9, 'count': 120}{'rate': 3.9, 'count': 120}{'rate': 3.9, 'count': 120}{'rate': 3.9, 'count': 120}{'rate': 3.9, 'count': 120}{'rate': 3.9, 'count': 120}{'rate': 3.9, 'count': 120}{'rate': 3.9, 'count': 120}{'rate': 3.9, 'count': 120}{'rate': 3.9, 'count': 120}{'rate': 3.9, 'count': 120}{'rate': 3.9, 'count': 120}{'rate': 3.9, 'count': 120}{'rate': 3.9, 'count': 120}{'rate': 3.9, 'count': 120}{'rate': 3.9, 'count': 120}{'rate': 3.9, 'count': 120}{'rate': 3.9, 'count': 120}{'rate': 3.9, 'count': 120}{'rate': 3.9, 'count': 120}{'rate': 3.9, 'count': 120}{'rate': 3.9, 'count': 120}{'rate': 3.9, 'count': 120}{'rate': 3.9, 'count': 120}{'rate': 3.9, 'count': 120}{'rate': 3.9, 'count': 120}{'rate': 3.9, 'count': 120}{'rate': 3.9, 'count': 120}{'rate': 3.9, 'count': 120}{'rate': 3.9, 'count': 120}{'rate': 3.9, 'count': 120}{'rate': 3.9, 'count': 120}{'rate': 3.9, 'count': 120}{'rate': 3.9, 'count': 120}{'rate': 3.9, 'count': 120}{'rate': 3.9, 'count': 120}{'rate': 3.9, 'count': 120}{'rate': 3.9, 'count': 120}{'rate': 3.9, 'count': 120}{'rate': 3.9, 'count': 120}{'rate': 3.9, 'count': 120}{'rate': 3.9, 'count': 120}{'rate': 3.9, 'count': 120}{'rate': 3.9, 'count': 120}{'rate': 3.9, 'count': 120}{'rate': 3.9, 'count': 120}{'rate': 3.9, 'count': 120}{'rate': 3.9, 'count': 120}{'rate': 3.9, 'count': 120}{'rate': 3.9, 'count': 120}{'rate': 3.9, 'count': 120}{'rate': 3.9, 'count': 120}{'rate': 3.9, 'count': 120}{'rate': 3.9, 'count': 120}{'rate': 3.9, 'count': 120}{'rate': 3.9, 'count': 120}{'rate': 3.9, 'count': 120}{'rate': 3.9, 'count': 120}{'rate': 3.9, 'count': 120}{'rate': 3.9, 'count': 120}{'rate': 3.9, 'count': 120}{'rate': 3.9, 'count': 120}{'rate': 3.9, 'count': 120}{'rate': 3.9, 'count': 120}{'rate': 3.9, 'count': 120}{'rate': 3.9, 'count': 120}{'rate': 3.9, 'count': 120}{'rate': 3.9, 'count': 120}{'rate': 3.9, 'count': 120}{'rate': 3.9, 'count': 120}{'rate': 3.9, 'count': 120}{'rate': 3.9, 'count': 120}{'rate': 3.9, 'count': 120}{'rate': 3.9, 'count': 120}{'rate': 3.9, 'count': 120}{'rate': 3.9, 'count': 120}{'rate': 3.9, 'count': 120}{'rate': 3.9, 'count': 120}{'rate': 3.9, 'count': 120}{'rate': 3.9, 'count': 120}{'rate': 3.9, 'count': 120}{'rate': 3.9, 'count': 120}{'rate': 3.9, 'count': 120}{'rate': 3.9, 'count': 120}{'rate': 3.9, 'count': 120}{'rate': 3.9, 'count': 120}{'rate': 3.9, 'count': 120}{'rate': 3.9, 'count': 120}{'rate': 3.9, 'count': 120}{'rate': 3.9, 'count': 120}{'rate': 3.9, 'count': 120}{'rate': 3.9, 'count': 120}{'rate': 3.9, 'count': 120}{'rate': 3.9, 'count': 120}{'rate': 3.9, 'count': 120}{'rate': 3.9, 'count': 120}{'rate': 3.9, 'count': 120}{'rate': 3.9, 'count': 120}{'rate': 3.9, 'count': 120}{'rate': 3.9, 'count': 120}{'rate': 3.9, 'count': 120}{'rate': 3.9, 'count': 120}{'rate': 3.9, 'count': 120}{'rate': 3.9, 'count': 120}{'rate': 3.9, 'count': 120}{'rate': 3.9, 'count': 120}{'rate': 3.9, 'count': 120}{'rate': 3.9, 'count': 120}{'rate': 3.9, 'count': 120}{'rate': 3.9, 'count': 120}{'rate': 3.9, 'count': 120}{'rate': 3.9, 'count': 120}{'rate': 3.9, 'count': 120}{'rate': 3.9, 'count': 120}{'rate': 3.9, 'count': 120}{'rate': 3.9, 'count': 120}{'rate': 3.9, 'count': 120}{'rate': 3.9, 'count': 120}{'rate': 3.9, 'count': 120}{'rate': 3.9, 'count': 120}{'rate': 3.9, 'count': 120}{'rate': 3.9, 'count': 120}{'rate': 3.9, 'count': 120}{'rate': 3.9, 'count': 120}{'rate': 3.9, 'count': 120}{'rate': 3.9, 'count': 120}{'rate': 3.9, 'count': 120}{'rate': 3.9, 'count': 120}{'rate': 3.9, 'count': 120}{'rate': 3.9, 'count': 120}{'rate': 3.9, 'count': 120}{'rate': 3.9, 'count': 120}{'rate': 3.9, 'count': 120}{'rate': 3.9, 'count': 120}{'rate': 3.9, 'count': 120}{'rate': 3.9, 'count': 120}{'rate': 3.9, 'count': 120}{'rate': 3.9, 'count': 120}{'rate': 3.9, 'count': 120}{'rate': 3.9, 'count': 120}{'rate': 3.9, 'count': 120}{'rate': 3.9, 'count': 120}{'rate': 3.9, 'count': 120}{'rate': 3.9, 'count': 120}{'rate': 3.9, 'count': 120}{'rate': 3.9, 'count': 120}{'rate': 3.9, 'count': 120}{'rate': 3.9, 'count': 120}{'rate': 3.9, 'count': 120}{'rate': 3.9, 'count': 120}{'rate': 3.9, 'count': 120}{'rate': 3.9, 'count': 120}{'rate': 3.9, 'count': 120}{'rate': 3.9, 'count': 120}{'rate': 3.9, 'count': 120}{'rate': 3.9, 'count': 120}{'rate': 3.9, 'count': 120}{'rate': 3.9, 'count': 120}{'rate': 3.9, 'count': 120}{'rate': 3.9, 'count': 120}{'rate': 3.9, 'count': 120}{'rate': 3.9, 'count': 120}{'rate': 3.9, 'count': 120}{'rate': 3.9, 'count': 120}{'rate': 3.9, 'count': 120}{'rate': 3.9, 'count': 120}{'rate': 3.9, 'count': 120}{'rate': 3.9, 'count': 120}{'rate': 3.9, 'count': 120}{'rate': 3.9, 'count': 120}{'rate': 3.9, 'count': 120}{'rate': 3.9, 'count': 120}{'rate': 3.9, 'count': 120}{'rate': 3.9, 'count': 120}{'rate': 3.9, 'count': 120}{'rate': 3.9, 'count': 120}{'rate': 3.9, 'count': 120}{'rate': 3.9, 'count': 120}{'rate': 3.9, 'count': 120}{'rate': 3.9, 'count': 120}{'rate': 3.9, 'count': 120}{'rate': 3.9, 'count': 120}{'rate': 3.9, 'count': 120}{'rate': 3.9, 'count': 120}{'rate': 3.9, 'count': 120}{'rate': 3.9, 'count': 120}{'rate': 3.9, 'count': 120}{'rate': 3.9, 'count': 120}{'rate': 3.9, 'count': 120}{'rate': 3.9, 'count': 120}{'rate': 3.9, 'count': 120}{'rate': 3.9, 'count': 120}{'rate': 3.9, 'count': 120}{'rate': 3.9, 'count': 120}{'rate': 3.9, 'count': 120} to numeric
2026-04-10 19:26:03,286 - pipeline - INFO - ======================================================================
2026-04-10 19:26:03,286 - pipeline - INFO -  RECOMART MASTER PIPELINE STARTED
2026-04-10 19:26:03,286 - pipeline - INFO - ======================================================================
2026-04-10 19:26:03,286 - pipeline - INFO - 
 STEP 1: Data Ingestion (Shankar)
2026-04-10 19:26:03,286 - pipeline - INFO - ----------------------------------------------------------------------
2026-04-10 19:26:03,721 - pipeline - INFO - Ingestion completed successfully
2026-04-10 19:26:03,722 - pipeline - INFO - 
 STEP 2: Data Processing & Validation (Prashansa)
2026-04-10 19:26:03,723 - pipeline - INFO - ----------------------------------------------------------------------
2026-04-10 19:26:05,389 - pipeline - INFO - Data processing completed successfully
2026-04-10 19:26:05,404 - pipeline - INFO - 
 STEP 3: Feature Engineering (Aniket)
2026-04-10 19:26:05,404 - pipeline - INFO - ----------------------------------------------------------------------
2026-04-10 19:26:06,280 - pipeline - INFO - Feature engineering completed successfully
2026-04-10 19:26:06,281 - pipeline - INFO - 
 STEP 4: Model Training & Evaluation (Flavia)
2026-04-10 19:26:06,282 - pipeline - INFO - ----------------------------------------------------------------------
2026-04-10 19:26:06,290 - pipeline - ERROR - Pipeline failed: cannot import name 'run_model_training' from 'scripts.model_training' (C:\Users\FTS03\OneDrive - Sky\SKY\BITS\RecoMart\scripts\model_training.py)
2026-04-10 19:31:42,315 - pipeline - INFO - ======================================================================
2026-04-10 19:31:42,316 - pipeline - INFO -  RECOMART MASTER PIPELINE STARTED
2026-04-10 19:31:42,317 - pipeline - INFO - ======================================================================
2026-04-10 19:31:42,318 - pipeline - INFO - 
 STEP 1: Data Ingestion (Shankar)
2026-04-10 19:31:42,318 - pipeline - INFO - ----------------------------------------------------------------------
2026-04-10 19:31:42,441 - pipeline - INFO - Ingestion completed successfully
2026-04-10 19:31:42,441 - pipeline - INFO - 
 STEP 2: Data Processing & Validation (Prashansa)
2026-04-10 19:31:42,442 - pipeline - INFO - ----------------------------------------------------------------------
2026-04-10 19:31:44,480 - pipeline - INFO - Data processing completed successfully
2026-04-10 19:31:44,480 - pipeline - INFO - 
 STEP 3: Feature Engineering (Aniket)
2026-04-10 19:31:44,480 - pipeline - INFO - ----------------------------------------------------------------------
2026-04-10 19:31:45,205 - pipeline - INFO - Feature engineering completed successfully
2026-04-10 19:31:45,206 - pipeline - INFO - 
 STEP 4: Model Training & Evaluation (Flavia)
2026-04-10 19:31:45,207 - pipeline - INFO - ----------------------------------------------------------------------
2026-04-10 19:31:45,212 - pipeline - WARNING - Model training module not yet implemented
2026-04-10 19:31:45,212 - pipeline - INFO - 
======================================================================
2026-04-10 19:31:45,213 - pipeline - INFO -  PIPELINE EXECUTED SUCCESSFULLY
2026-04-10 19:31:45,213 - pipeline - INFO - ======================================================================
2026-04-10 19:31:45,214 - pipeline - INFO - 
Team members status:
2026-04-10 19:31:45,214 - pipeline - INFO -   - Prashansa: done
2026-04-10 19:31:45,215 - pipeline - INFO -   - Aniket: done
2026-04-10 19:31:45,216 - pipeline - INFO -   - Flavia: pending
2026-04-10 19:41:24,001 - pipeline - INFO - ======================================================================
2026-04-10 19:41:24,001 - pipeline - INFO -  RECOMART MASTER PIPELINE STARTED
2026-04-10 19:41:24,001 - pipeline - INFO - ======================================================================
2026-04-10 19:41:24,002 - pipeline - INFO - 
 STEP 1: Data Ingestion (Shankar)
2026-04-10 19:41:24,002 - pipeline - INFO - ----------------------------------------------------------------------
2026-04-10 19:41:24,162 - pipeline - INFO - Ingestion completed successfully
2026-04-10 19:41:24,163 - pipeline - INFO - 
 STEP 2: Data Processing & Validation (Prashansa)
2026-04-10 19:41:24,163 - pipeline - INFO - ----------------------------------------------------------------------
2026-04-10 19:41:28,172 - pipeline - INFO - Data processing completed successfully
2026-04-10 19:41:28,172 - pipeline - INFO - 
 STEP 3: Feature Engineering (Aniket)
2026-04-10 19:41:28,172 - pipeline - INFO - ----------------------------------------------------------------------
2026-04-10 19:41:28,932 - pipeline - INFO - Feature engineering completed successfully
2026-04-10 19:41:28,932 - pipeline - INFO - 
 STEP 4: Model Training & Evaluation (Flavia)
2026-04-10 19:41:28,932 - pipeline - INFO - ----------------------------------------------------------------------
2026-04-10 19:41:30,485 - pipeline - WARNING - Model training module not yet implemented
2026-04-10 19:41:30,485 - pipeline - INFO - 
======================================================================
2026-04-10 19:41:30,486 - pipeline - INFO -  PIPELINE EXECUTED SUCCESSFULLY
2026-04-10 19:41:30,486 - pipeline - INFO - ======================================================================
2026-04-10 19:41:30,486 - pipeline - INFO - 
Team members status:
2026-04-10 19:41:30,486 - pipeline - INFO -   - Prashansa: done
2026-04-10 19:41:30,486 - pipeline - INFO -   - Aniket: done
2026-04-10 19:41:30,487 - pipeline - INFO -   - Flavia: pending
2026-04-10 19:43:37,688 - pipeline - INFO - ======================================================================
2026-04-10 19:43:37,688 - pipeline - INFO -  RECOMART MASTER PIPELINE STARTED
2026-04-10 19:43:37,688 - pipeline - INFO - ======================================================================
2026-04-10 19:43:37,689 - pipeline - INFO - 
 STEP 1: Data Ingestion (Shankar)
2026-04-10 19:43:37,689 - pipeline - INFO - ----------------------------------------------------------------------
2026-04-10 19:43:37,786 - pipeline - INFO - Ingestion completed successfully
2026-04-10 19:43:37,787 - pipeline - INFO - 
 STEP 2: Data Processing & Validation (Prashansa)
2026-04-10 19:43:37,787 - pipeline - INFO - ----------------------------------------------------------------------
2026-04-10 19:43:42,755 - pipeline - INFO - Data processing completed successfully
2026-04-10 19:43:42,755 - pipeline - INFO - 
 STEP 3: Feature Engineering (Aniket)
2026-04-10 19:43:42,756 - pipeline - INFO - ----------------------------------------------------------------------
2026-04-10 19:43:43,672 - pipeline - INFO - Feature engineering completed successfully
2026-04-10 19:43:43,672 - pipeline - INFO - 
 STEP 4: Model Training & Evaluation (Flavia)
2026-04-10 19:43:43,672 - pipeline - INFO - ----------------------------------------------------------------------
2026-04-10 19:43:46,297 - pipeline - ERROR - Model training failed: cannot import name 'run_model_training' from 'scripts.model_training' (C:\Users\vbs558\Music\personal\Project\python_mtech\RecoMart_x\RecoMart\scripts\model_training.py)
2026-04-10 19:45:24,389 - pipeline - INFO - ======================================================================
2026-04-10 19:45:24,389 - pipeline - INFO -  RECOMART MASTER PIPELINE STARTED
2026-04-10 19:45:24,389 - pipeline - INFO - ======================================================================
2026-04-10 19:45:24,389 - pipeline - INFO - 
 STEP 1: Data Ingestion (Shankar)
2026-04-10 19:45:24,389 - pipeline - INFO - ----------------------------------------------------------------------
2026-04-10 19:45:24,589 - pipeline - INFO - Ingestion completed successfully
2026-04-10 19:45:24,590 - pipeline - INFO - 
 STEP 2: Data Processing & Validation (Prashansa)
2026-04-10 19:45:24,590 - pipeline - INFO - ----------------------------------------------------------------------
2026-04-10 19:45:26,824 - pipeline - INFO -  Data processing completed successfully
2026-04-10 19:45:26,824 - pipeline - INFO - 
  STEP 3: Feature Engineering (Aniket)
2026-04-10 19:45:26,824 - pipeline - INFO - ----------------------------------------------------------------------
2026-04-10 19:45:26,825 - pipeline - INFO -  Waiting for feature engineering module... (scripts/feature_engineering.py)
2026-04-10 19:45:26,825 - pipeline - INFO - 
 STEP 4: Model Training & Evaluation (Flavia)
2026-04-10 19:45:26,825 - pipeline - INFO - ----------------------------------------------------------------------
2026-04-10 19:45:26,825 - pipeline - INFO -  Waiting for model training module... (scripts/model_training.py)
2026-04-10 19:45:26,826 - pipeline - INFO - 
======================================================================
2026-04-10 19:45:26,826 - pipeline - INFO -  PIPELINE FRAMEWORK READY
2026-04-10 19:45:26,826 - pipeline - INFO - ======================================================================
2026-04-10 19:45:26,826 - pipeline - INFO - 
Team members: Implement your modules in the scripts/ folder:
2026-04-10 19:45:26,826 - pipeline - INFO -   - Prashansa: done
2026-04-10 19:45:26,827 - pipeline - INFO -   - Aniket: scripts/feature_engineering.py
2026-04-10 19:45:26,827 - pipeline - INFO -   - Flavia: scripts/model_training.py
2026-04-10 19:46:43,454 - pipeline - INFO - ======================================================================
2026-04-10 19:46:43,455 - pipeline - INFO -  RECOMART MASTER PIPELINE STARTED
2026-04-10 19:46:43,455 - pipeline - INFO - ======================================================================
2026-04-10 19:46:43,455 - pipeline - INFO - 
 STEP 1: Data Ingestion (Shankar)
2026-04-10 19:46:43,455 - pipeline - INFO - ----------------------------------------------------------------------
2026-04-10 19:46:43,555 - pipeline - INFO - Ingestion completed successfully
2026-04-10 19:46:43,555 - pipeline - INFO - 
 STEP 2: Data Processing & Validation (Prashansa)
2026-04-10 19:46:43,555 - pipeline - INFO - ----------------------------------------------------------------------
2026-04-10 19:46:44,997 - pipeline - INFO -  Data processing completed successfully
2026-04-10 19:46:44,997 - pipeline - INFO - 
  STEP 3: Feature Engineering (Aniket)
2026-04-10 19:46:44,997 - pipeline - INFO - ----------------------------------------------------------------------
2026-04-10 19:46:44,997 - pipeline - INFO -  Waiting for feature engineering module... (scripts/feature_engineering.py)
2026-04-10 19:46:44,998 - pipeline - INFO - 
 STEP 4: Model Training & Evaluation (Flavia)
2026-04-10 19:46:44,998 - pipeline - INFO - ----------------------------------------------------------------------
2026-04-10 19:46:44,998 - pipeline - INFO -  Waiting for model training module... (scripts/model_training.py)
2026-04-10 19:46:44,998 - pipeline - INFO - 
======================================================================
2026-04-10 19:46:44,999 - pipeline - INFO -  PIPELINE FRAMEWORK READY
2026-04-10 19:46:44,999 - pipeline - INFO - ======================================================================
2026-04-10 19:46:44,999 - pipeline - INFO - 
Team members: Implement your modules in the scripts/ folder:
2026-04-10 19:46:44,999 - pipeline - INFO -   - Prashansa: done
2026-04-10 19:46:44,999 - pipeline - INFO -   - Aniket: scripts/feature_engineering.py
2026-04-10 19:46:44,999 - pipeline - INFO -   - Flavia: scripts/model_training.py
2026-04-10 19:48:41,808 - pipeline - INFO - ======================================================================
2026-04-10 19:48:41,808 - pipeline - INFO -  RECOMART MASTER PIPELINE STARTED
2026-04-10 19:48:41,808 - pipeline - INFO - ======================================================================
2026-04-10 19:48:41,809 - pipeline - INFO - 
 STEP 1: Data Ingestion (Shankar)
2026-04-10 19:48:41,809 - pipeline - INFO - ----------------------------------------------------------------------
2026-04-10 19:48:41,908 - pipeline - INFO - Ingestion completed successfully
2026-04-10 19:48:41,909 - pipeline - INFO - 
 STEP 2: Data Processing & Validation (Prashansa)
2026-04-10 19:48:41,909 - pipeline - INFO - ----------------------------------------------------------------------
2026-04-10 19:48:43,293 - pipeline - INFO -  Data processing completed successfully
2026-04-10 19:48:43,293 - pipeline - INFO - 
  STEP 3: Feature Engineering (Aniket)
2026-04-10 19:48:43,293 - pipeline - INFO - ----------------------------------------------------------------------
2026-04-10 19:48:43,294 - pipeline - INFO -  Waiting for feature engineering module... (scripts/feature_engineering.py)
2026-04-10 19:48:43,294 - pipeline - INFO - 
 STEP 4: Model Training & Evaluation (Flavia)
2026-04-10 19:48:43,294 - pipeline - INFO - ----------------------------------------------------------------------
2026-04-10 19:48:44,441 - pipeline - ERROR - Model training failed: `k` must be an integer satisfying `0 < k < min(A.shape)`.
2026-04-10 19:49:30,321 - pipeline - INFO - ======================================================================
2026-04-10 19:49:30,321 - pipeline - INFO -  RECOMART MASTER PIPELINE STARTED
2026-04-10 19:49:30,322 - pipeline - INFO - ======================================================================
2026-04-10 19:49:30,322 - pipeline - INFO - 
 STEP 1: Data Ingestion (Shankar)
2026-04-10 19:49:30,322 - pipeline - INFO - ----------------------------------------------------------------------
2026-04-10 19:49:30,409 - pipeline - INFO - Ingestion completed successfully
2026-04-10 19:49:30,410 - pipeline - INFO - 
 STEP 2: Data Processing & Validation (Prashansa)
2026-04-10 19:49:30,410 - pipeline - INFO - ----------------------------------------------------------------------
2026-04-10 19:49:31,770 - pipeline - INFO -  Data processing completed successfully
2026-04-10 19:49:31,770 - pipeline - INFO - 
  STEP 3: Feature Engineering (Aniket)
2026-04-10 19:49:31,771 - pipeline - INFO - ----------------------------------------------------------------------
2026-04-10 19:49:31,771 - pipeline - INFO -  Waiting for feature engineering module... (scripts/feature_engineering.py)
2026-04-10 19:49:31,771 - pipeline - INFO - 
 STEP 4: Model Training & Evaluation (Flavia)
2026-04-10 19:49:31,772 - pipeline - INFO - ----------------------------------------------------------------------
2026-04-10 19:49:32,846 - pipeline - ERROR - Model training failed: `k` must be an integer satisfying `0 < k < min(A.shape)`.
2026-04-10 19:50:17,735 - pipeline - INFO - ======================================================================
2026-04-10 19:50:17,735 - pipeline - INFO -  RECOMART MASTER PIPELINE STARTED
2026-04-10 19:50:17,736 - pipeline - INFO - ======================================================================
2026-04-10 19:50:17,736 - pipeline - INFO - 
 STEP 1: Data Ingestion (Shankar)
2026-04-10 19:50:17,736 - pipeline - INFO - ----------------------------------------------------------------------
2026-04-10 19:50:17,830 - pipeline - INFO - Ingestion completed successfully
2026-04-10 19:50:17,830 - pipeline - INFO - 
 STEP 2: Data Processing & Validation (Prashansa)
2026-04-10 19:50:17,830 - pipeline - INFO - ----------------------------------------------------------------------
2026-04-10 19:50:19,256 - pipeline - INFO -  Data processing completed successfully
2026-04-10 19:50:19,257 - pipeline - INFO - 
  STEP 3: Feature Engineering (Aniket)
2026-04-10 19:50:19,257 - pipeline - INFO - ----------------------------------------------------------------------
2026-04-10 19:50:19,257 - pipeline - INFO -  Waiting for feature engineering module... (scripts/feature_engineering.py)
2026-04-10 19:50:19,258 - pipeline - INFO - 
 STEP 4: Model Training & Evaluation (Flavia)
2026-04-10 19:50:19,258 - pipeline - INFO - ----------------------------------------------------------------------
2026-04-10 19:50:20,287 - pipeline - INFO - Model training completed successfully
2026-04-10 19:50:20,288 - pipeline - INFO - 
======================================================================
2026-04-10 19:50:20,288 - pipeline - INFO -  PIPELINE FRAMEWORK READY
2026-04-10 19:50:20,288 - pipeline - INFO - ======================================================================
2026-04-10 19:50:20,288 - pipeline - INFO - 
Team members: Implement your modules in the scripts/ folder:
2026-04-10 19:50:20,289 - pipeline - INFO -   - Prashansa: done
2026-04-10 19:50:20,289 - pipeline - INFO -   - Aniket: scripts/feature_engineering.py
2026-04-10 19:50:20,289 - pipeline - INFO -   - Flavia: scripts/model_training.py
2026-04-10 19:51:23,462 - pipeline - INFO - ======================================================================
2026-04-10 19:51:23,462 - pipeline - INFO -  RECOMART MASTER PIPELINE STARTED
2026-04-10 19:51:23,462 - pipeline - INFO - ======================================================================
2026-04-10 19:51:23,462 - pipeline - INFO - 
 STEP 1: Data Ingestion (Shankar)
2026-04-10 19:51:23,463 - pipeline - INFO - ----------------------------------------------------------------------
2026-04-10 19:51:23,560 - pipeline - INFO - Ingestion completed successfully
2026-04-10 19:51:23,561 - pipeline - INFO - 
 STEP 2: Data Processing & Validation (Prashansa)
2026-04-10 19:51:23,561 - pipeline - INFO - ----------------------------------------------------------------------
2026-04-10 19:51:24,891 - pipeline - INFO -  Data processing completed successfully
2026-04-10 19:51:24,891 - pipeline - INFO - 
  STEP 3: Feature Engineering (Aniket)
2026-04-10 19:51:24,891 - pipeline - INFO - ----------------------------------------------------------------------
2026-04-10 19:51:24,891 - pipeline - INFO -  Waiting for feature engineering module... (scripts/feature_engineering.py)
2026-04-10 19:51:24,892 - pipeline - INFO - 
 STEP 4: Model Training & Evaluation (Flavia)
2026-04-10 19:51:24,892 - pipeline - INFO - ----------------------------------------------------------------------
2026-04-10 19:51:26,500 - pipeline - INFO - Model training completed successfully
2026-04-10 19:51:26,500 - pipeline - INFO - 
======================================================================
2026-04-10 19:51:26,501 - pipeline - INFO -  PIPELINE FRAMEWORK READY
2026-04-10 19:51:26,501 - pipeline - INFO - ======================================================================
2026-04-10 19:51:26,501 - pipeline - INFO - 
Team members: Implement your modules in the scripts/ folder:
2026-04-10 19:51:26,502 - pipeline - INFO -   - Prashansa: done
2026-04-10 19:51:26,502 - pipeline - INFO -   - Aniket: scripts/feature_engineering.py
2026-04-10 19:51:26,502 - pipeline - INFO -   - Flavia: scripts/model_training.py
